Archive member included to satisfy reference by file (symbol)

/mnt/Projects/s-net_distribution/targets/posix32/lib/libOpenComRTOS_SP_COs_D2_Kernel.a(L1_kernel_start.c.obj)
                              CMakeFiles/posixnode.dir/mnt/Projects/s-net_distribution/projects/s_net_test/Source/posixnode/posixnode.c.obj (L1_runOpenComRTOS)
/mnt/Projects/s-net_distribution/targets/posix32/lib/libOpenComRTOS_SP_COs_D2_Kernel.a(L1_keylist_api.c.obj)
                              /mnt/Projects/s-net_distribution/targets/posix32/lib/libOpenComRTOS_SP_COs_D2_Kernel.a(L1_kernel_start.c.obj) (L1_initFreeKeyList)
/mnt/Projects/s-net_distribution/targets/posix32/lib/libOpenComRTOS_SP_COs_D2_Kernel.a(L1_kernel_loop.c.obj)
                              /mnt/Projects/s-net_distribution/targets/posix32/lib/libOpenComRTOS_SP_COs_D2_Kernel.a(L1_kernel_start.c.obj) (L1_KernelLoop)
/mnt/Projects/s-net_distribution/targets/posix32/lib/libOpenComRTOS_SP_COs_D2_Kernel.a(L1_list_api.c.obj)
                              /mnt/Projects/s-net_distribution/targets/posix32/lib/libOpenComRTOS_SP_COs_D2_Kernel.a(L1_keylist_api.c.obj) (L1_List_getHeadElement)
/mnt/Projects/s-net_distribution/targets/posix32/lib/libOpenComRTOS_SP_COs_D2_Kernel.a(L1_kernel_hub_service.c.obj)
                              /mnt/Projects/s-net_distribution/targets/posix32/lib/libOpenComRTOS_SP_COs_D2_Kernel.a(L1_kernel_loop.c.obj) (L1_genericHubControl)
/mnt/Projects/s-net_distribution/targets/posix32/lib/libOpenComRTOS_SP_COs_D2_Kernel.a(L1_kernel_semaphore_service.c.obj)
                              CMakeFiles/posixnode.dir/L1_node_config.c.obj (SemaphoreUpdate)
/mnt/Projects/s-net_distribution/targets/posix32/lib/libOpenComRTOS_SP_COs_D2_Kernel.a(L1_kernel_resource_service.c.obj)
                              CMakeFiles/posixnode.dir/L1_node_config.c.obj (ResourceUpdate)
/mnt/Projects/s-net_distribution/targets/posix32/lib/libOpenComRTOS_SP_COs_D2_Kernel.a(L1_trace.c.obj)
                              /mnt/Projects/s-net_distribution/targets/posix32/lib/libOpenComRTOS_SP_COs_D2_Kernel.a(L1_kernel_loop.c.obj) (tracingDisabled)
/mnt/Projects/s-net_distribution/targets/posix32/lib/libOpenComRTOS_SP_COs_D2_Kernel.a(L1_types.c.obj)
                              /mnt/Projects/s-net_distribution/targets/posix32/lib/libOpenComRTOS_SP_COs_D2_Kernel.a(L1_kernel_semaphore_service.c.obj) (L1_UINT16_MAX)
/mnt/Projects/s-net_distribution/targets/posix32/lib/libOpenComRTOS_SP_COs_D2_Kernel.a(L1_hub_data_event.c.obj)
                              CMakeFiles/posixnode.dir/L1_node_config.c.obj (DataEventHub_Update)
/mnt/Projects/s-net_distribution/targets/posix32/lib/libOpenComRTOS_SP_COs_D2_Kernel.a(L1_kernel_data.c.obj)
                              /mnt/Projects/s-net_distribution/targets/posix32/lib/libOpenComRTOS_SP_COs_D2_Kernel.a(L1_kernel_start.c.obj) (L1_ISRNesting)
/mnt/Projects/s-net_distribution/targets/posix32/lib/libOpenComRTOS_SP_COs_D2_Kernel.a(L1_kernel_make_task_ready.c.obj)
                              /mnt/Projects/s-net_distribution/targets/posix32/lib/libOpenComRTOS_SP_COs_D2_Kernel.a(L1_kernel_loop.c.obj) (L1_changeTaskPriority)
/mnt/Projects/s-net_distribution/targets/posix32/lib/libOpenComRTOS_SP_COs_D2_Kernel.a(L1_kernel_scheduler.c.obj)
                              /mnt/Projects/s-net_distribution/targets/posix32/lib/libOpenComRTOS_SP_COs_D2_Kernel.a(L1_kernel_loop.c.obj) (L1_DescheduleKernel)
/mnt/Projects/s-net_distribution/targets/posix32/lib/libOpenComRTOS_SP_COs_D2_Kernel.a(L1_kernel_start_task_service.c.obj)
                              /mnt/Projects/s-net_distribution/targets/posix32/lib/libOpenComRTOS_SP_COs_D2_Kernel.a(L1_kernel_loop.c.obj) (L1_startTaskService)
/mnt/Projects/s-net_distribution/targets/posix32/lib/libOpenComRTOS_SP_COs_D2_Kernel.a(L1_kernel_stop_task_service.c.obj)
                              /mnt/Projects/s-net_distribution/targets/posix32/lib/libOpenComRTOS_SP_COs_D2_Kernel.a(L1_kernel_loop.c.obj) (L1_stopTaskService)
/mnt/Projects/s-net_distribution/targets/posix32/lib/libOpenComRTOS_SP_COs_D2_Kernel.a(L1_kernel_suspend_task_service.c.obj)
                              /mnt/Projects/s-net_distribution/targets/posix32/lib/libOpenComRTOS_SP_COs_D2_Kernel.a(L1_kernel_loop.c.obj) (L1_suspendTaskService)
/mnt/Projects/s-net_distribution/targets/posix32/lib/libOpenComRTOS_SP_COs_D2_Kernel.a(L1_kernel_resume_task_service.c.obj)
                              /mnt/Projects/s-net_distribution/targets/posix32/lib/libOpenComRTOS_SP_COs_D2_Kernel.a(L1_kernel_loop.c.obj) (L1_resumeTaskService)
/mnt/Projects/s-net_distribution/targets/posix32/lib/libOpenComRTOS_SP_COs_D2_Kernel.a(L1_kernel_anypacket_service.c.obj)
                              /mnt/Projects/s-net_distribution/targets/posix32/lib/libOpenComRTOS_SP_COs_D2_Kernel.a(L1_kernel_loop.c.obj) (inputPortService)
/mnt/Projects/s-net_distribution/targets/posix32/lib/libOpenComRTOS_SP_COs_D2_Kernel.a(L1_kernel_timerpacket_service.c.obj)
[...]
Memory Configuration

Name             Origin             Length             Attributes
*default*        0x0000000000000000 0xffffffffffffffff

Linker script and memory map

LOAD /usr/lib/gcc/i686-linux-gnu/4.8/../../../i386-linux-gnu/crt1.o
LOAD /usr/lib/gcc/i686-linux-gnu/4.8/../../../i386-linux-gnu/crti.o
LOAD /usr/lib/gcc/i686-linux-gnu/4.8/crtbegin.o
LOAD CMakeFiles/posixnode.dir/L1_node_config.c.obj
LOAD CMakeFiles/posixnode.dir/mnt/Projects/s-net_distribution/projects/s_net_test/Source/posixnode/posixnode.c.obj
LOAD CMakeFiles/posixnode.dir/mnt/Projects/s-net_distribution/projects/s_net_test/Source/pthr_streams.c.obj
LOAD CMakeFiles/posixnode.dir/mnt/Projects/s-net_distribution/projects/s_net_test/Source/MainEP.c.obj
START GROUP
LOAD /mnt/Projects/s-net_distribution/targets/posix32/lib/libOpenComRTOS_SP_COs_D2_Kernel.a
LOAD /mnt/Projects/s-net_distribution/targets/posix32/lib/libOpenComRTOS_SP_COs_D2_Driver.a
LOAD /mnt/Projects/s-net_distribution/targets/posix32/lib/libOpenComRTOS_SP_COs_D2_PlatformKernel.a
LOAD /mnt/Projects/s-net_distribution/targets/posix32/lib/libOpenComRTOS_SP_COs_D2_PlatformDriver.a
LOAD /usr/lib/gcc/i686-linux-gnu/4.8/../../../i386-linux-gnu/libpthread.so
START GROUP
LOAD /lib/i386-linux-gnu/libpthread.so.0
LOAD /usr/lib/i386-linux-gnu/libpthread_nonshared.a
END GROUP
LOAD /usr/lib/gcc/i686-linux-gnu/4.8/../../../i386-linux-gnu/librt.so
LOAD /lib/../lib/liblpel.so
LOAD /lib/../lib/liblpel_hrc.so
LOAD /lib/../lib/liblpel_mon.so
LOAD /mnt/Projects/s-net_distribution/targets/posix32/lib/libPthreadAbstractionLayer_SP_COs_D2.a
END GROUP
LOAD /usr/lib/gcc/i686-linux-gnu/4.8/libgcc.a
LOAD /usr/lib/gcc/i686-linux-gnu/4.8/libgcc_s.so
LOAD /usr/lib/gcc/i686-linux-gnu/4.8/../../../i386-linux-gnu/libc.so
START GROUP
LOAD /lib/i386-linux-gnu/libc.so.6
LOAD /usr/lib/i386-linux-gnu/libc_nonshared.a
LOAD /lib/i386-linux-gnu/ld-linux.so.2
END GROUP
LOAD /usr/lib/gcc/i686-linux-gnu/4.8/libgcc.a
LOAD /usr/lib/gcc/i686-linux-gnu/4.8/libgcc_s.so
LOAD /usr/lib/gcc/i686-linux-gnu/4.8/crtend.o
LOAD /usr/lib/gcc/i686-linux-gnu/4.8/../../../i386-linux-gnu/crtn.o
                0x0000000008048000                PROVIDE (__executable_start, 0x8048000)
                0x0000000008048154                . = (0x8048000 + SIZEOF_HEADERS)

.interp         0x0000000008048154       0x13
 *(.interp)
 .interp        0x0000000008048154       0x13 /usr/lib/gcc/i686-linux-gnu/4.8/../../../i386-linux-gnu/crt1.o

.note.ABI-tag   0x0000000008048168       0x20
 .note.ABI-tag  0x0000000008048168       0x20 /usr/lib/gcc/i686-linux-gnu/4.8/../../../i386-linux-gnu/crt1.o

.note.gnu.build-id
                0x0000000008048188       0x24
 *(.note.gnu.build-id)
 .note.gnu.build-id
                0x0000000008048188       0x24 /usr/lib/gcc/i686-linux-gnu/4.8/../../../i386-linux-gnu/crt1.o

.hash
 *(.hash)

.gnu.hash       0x00000000080481ac       0x3c
 *(.gnu.hash)
 .gnu.hash      0x00000000080481ac       0x3c /usr/lib/gcc/i686-linux-gnu/4.8/../../../i386-linux-gnu/crt1.o

.dynsym         0x00000000080481e8      0x320
 *(.dynsym)
 .dynsym        0x00000000080481e8      0x320 /usr/lib/gcc/i686-linux-gnu/4.8/../../../i386-linux-gnu/crt1.o

.dynstr         0x0000000008048508      0x318
 *(.dynstr)
 .dynstr        0x0000000008048508      0x318 /usr/lib/gcc/i686-linux-gnu/4.8/../../../i386-linux-gnu/crt1.o

.gnu.version    0x0000000008048820       0x64
 *(.gnu.version)
 .gnu.version   0x0000000008048820       0x64 /usr/lib/gcc/i686-linux-gnu/4.8/../../../i386-linux-gnu/crt1.o

.gnu.version_d  0x0000000008048884        0x0
 *(.gnu.version_d)
 .gnu.version_d
                0x0000000000000000        0x0 /usr/lib/gcc/i686-linux-gnu/4.8/../../../i386-linux-gnu/crt1.o

.gnu.version_r  0x0000000008048884       0x70
 *(.gnu.version_r)
 .gnu.version_r
                0x0000000008048884       0x70 /usr/lib/gcc/i686-linux-gnu/4.8/../../../i386-linux-gnu/crt1.o

.rel.dyn        0x00000000080488f4        0x8
 *(.rel.init)
 *(.rel.text .rel.text.* .rel.gnu.linkonce.t.*)
 .rel.text      0x0000000000000000        0x0 /usr/lib/gcc/i686-linux-gnu/4.8/../../../i386-linux-gnu/crt1.o
 .rel.text.startup
                0x0000000000000000        0x0 /usr/lib/gcc/i686-linux-gnu/4.8/../../../i386-linux-gnu/crt1.o
 *(.rel.fini)
 *(.rel.rodata .rel.rodata.* .rel.gnu.linkonce.r.*)
 *(.rel.data.rel.ro .rel.data.rel.ro.* .rel.gnu.linkonce.d.rel.ro.*)
 *(.rel.data .rel.data.* .rel.gnu.linkonce.d.*)
 .rel.data      0x0000000000000000        0x0 /usr/lib/gcc/i686-linux-gnu/4.8/../../../i386-linux-gnu/crt1.o
 *(.rel.tdata .rel.tdata.* .rel.gnu.linkonce.td.*)
 *(.rel.tbss .rel.tbss.* .rel.gnu.linkonce.tb.*)
 *(.rel.ctors)
 *(.rel.dtors)
 *(.rel.got)
 .rel.got       0x00000000080488f4        0x8 /usr/lib/gcc/i686-linux-gnu/4.8/../../../i386-linux-gnu/crt1.o
 *(.rel.bss .rel.bss.* .rel.gnu.linkonce.b.*)
 .rel.bss       0x0000000000000000        0x0 /usr/lib/gcc/i686-linux-gnu/4.8/../../../i386-linux-gnu/crt1.o
 *(.rel.ifunc)

.rel.plt        0x00000000080488fc      0x140
 *(.rel.plt)
 .rel.plt       0x00000000080488fc      0x140 /usr/lib/gcc/i686-linux-gnu/4.8/../../../i386-linux-gnu/crt1.o
                0x0000000008048a3c                PROVIDE (__rel_iplt_start, .)
 *(.rel.iplt)
 .rel.iplt      0x0000000000000000        0x0 /usr/lib/gcc/i686-linux-gnu/4.8/../../../i386-linux-gnu/crt1.o
                0x0000000008048a3c                PROVIDE (__rel_iplt_end, .)

.init           0x0000000008048a3c       0x23
 *(SORT(.init))
 .init          0x0000000008048a3c       0x1e /usr/lib/gcc/i686-linux-gnu/4.8/../../../i386-linux-gnu/crti.o
                0x0000000008048a3c                _init
 .init          0x0000000008048a5a        0x5 /usr/lib/gcc/i686-linux-gnu/4.8/../../../i386-linux-gnu/crtn.o

.plt            0x0000000008048a60      0x290
 *(.plt)
 .plt           0x0000000008048a60      0x290 /usr/lib/gcc/i686-linux-gnu/4.8/../../../i386-linux-gnu/crt1.o
                0x0000000008048a70                pthread_mutex_unlock@@GLIBC_2.0
                0x0000000008048a80                setitimer@@GLIBC_2.0
                0x0000000008048a90                pthread_attr_init@@GLIBC_2.1
                0x0000000008048aa0                pthread_mutexattr_init@@GLIBC_2.0
                0x0000000008048ab0                LpelTimingEnd
                0x0000000008048ac0                pthread_mutex_destroy@@GLIBC_2.0
                0x0000000008048ad0                free@@GLIBC_2.0
                0x0000000008048ae0                pthread_self@@GLIBC_2.0
                0x0000000008048af0                pthread_mutex_init@@GLIBC_2.0
                0x0000000008048b00                pthread_cond_wait@@GLIBC_2.3.2
                0x0000000008048b10                sigwait@@GLIBC_2.0
                0x0000000008048b20                gettimeofday@@GLIBC_2.0
                0x0000000008048b30                sleep@@GLIBC_2.0
                0x0000000008048b40                pthread_equal@@GLIBC_2.0
                0x0000000008048b50                getitimer@@GLIBC_2.0
                0x0000000008048b60                LpelTimingToMSec
                0x0000000008048b70                pthread_mutex_lock@@GLIBC_2.0
                0x0000000008048b80                LpelTimingStart
                0x0000000008048b90                pthread_sigmask@@GLIBC_2.0
                0x0000000008048ba0                sched_yield@@GLIBC_2.0
                0x0000000008048bb0                pthread_cond_signal@@GLIBC_2.3.2
                0x0000000008048bc0                error@@GLIBC_2.0
                0x0000000008048bd0                malloc@@GLIBC_2.0
                0x0000000008048be0                puts@@GLIBC_2.0
                0x0000000008048c00                exit@@GLIBC_2.0
                0x0000000008048c10                __libc_start_main@@GLIBC_2.0
                0x0000000008048c20                pthread_cond_init@@GLIBC_2.3.2
                0x0000000008048c30                sigaddset@@GLIBC_2.0
                0x0000000008048c40                sigfillset@@GLIBC_2.0
                0x0000000008048c50                pthread_cancel@@GLIBC_2.0
                0x0000000008048c60                pthread_kill@@GLIBC_2.0
                0x0000000008048c70                __printf_chk@@GLIBC_2.3.4
                0x0000000008048c80                sigemptyset@@GLIBC_2.0
                0x0000000008048c90                pthread_cond_destroy@@GLIBC_2.3.2
                0x0000000008048ca0                pthread_create@@GLIBC_2.1
                0x0000000008048cb0                sigaction@@GLIBC_2.0
                0x0000000008048cc0                pthread_detach@@GLIBC_2.0
                0x0000000008048cd0                __assert_fail@@GLIBC_2.0
                0x0000000008048ce0                calloc@@GLIBC_2.0
 *(.iplt)
 .iplt          0x0000000000000000        0x0 /usr/lib/gcc/i686-linux-gnu/4.8/../../../i386-linux-gnu/crt1.o

.text           0x0000000008048cf0     0x3132
 *(.text.unlikely .text.*_unlikely .text.unlikely.*)
 *(.text.exit .text.exit.*)
 *(.text.startup .text.startup.*)
 .text.startup  0x0000000008048cf0       0x22 CMakeFiles/posixnode.dir/mnt/Projects/s-net_distribution/projects/s_net_test/Source/posixnode/posixnode.c.obj
                0x0000000008048cf0                main
 *(.text.hot .text.hot.*)
 *(.text .stub .text.* .gnu.linkonce.t.*)
 .text          0x0000000008048d12       0x22 /usr/lib/gcc/i686-linux-gnu/4.8/../../../i386-linux-gnu/crt1.o
                0x0000000008048d12                _start
 .text          0x0000000008048d34        0x0 /usr/lib/gcc/i686-linux-gnu/4.8/../../../i386-linux-gnu/crti.o
 *fill*         0x0000000008048d34        0xc 
 .gnu.linkonce.t.__x86.get_pc_thunk.bx
                0x0000000008048d40        0x4 /usr/lib/gcc/i686-linux-gnu/4.8/../../../i386-linux-gnu/crti.o
                0x0000000008048d40                __x86.get_pc_thunk.bx
 *fill*         0x0000000008048d44        0xc 
 .text          0x0000000008048d50       0xbd /usr/lib/gcc/i686-linux-gnu/4.8/crtbegin.o
 .text          0x0000000008048e0d        0x0 CMakeFiles/posixnode.dir/L1_node_config.c.obj
 .text          0x0000000008048e0d        0x5 CMakeFiles/posixnode.dir/mnt/Projects/s-net_distribution/projects/s_net_test/Source/posixnode/posixnode.c.obj
                0x0000000008048e0d                L1_idleTask
 .text          0x0000000008048e12      0x1e3 CMakeFiles/posixnode.dir/mnt/Projects/s-net_distribution/projects/s_net_test/Source/pthr_streams.c.obj
                0x0000000008048e12                PthrStreamCreate
                0x0000000008048e73                PthrStreamDestroy
                0x0000000008048ea8                PthrStreamOpen
                0x0000000008048eed                PthrStreamClose
                0x0000000008048f14                PthrStreamWrite
                0x0000000008048f7f                PthrStreamRead
 .text          0x0000000008048ff5      0x264 CMakeFiles/posixnode.dir/mnt/Projects/s-net_distribution/projects/s_net_test/Source/MainEP.c.obj
                0x0000000008048ff5                Process
                0x0000000008049138                MainEP
 *fill*         0x0000000008049259        0x3 
 .text          0x000000000804925c       0xc5 /mnt/Projects/s-net_distribution/targets/posix32/lib/libOpenComRTOS_SP_COs_D2_Kernel.a(L1_kernel_start.c.obj)
                0x000000000804925c                L1_runOpenComRTOS
                0x0000000008049310                L1_KernelEntryPoint
 *fill*         0x0000000008049321        0x3 
 .text          0x0000000008049324      0x137 /mnt/Projects/s-net_distribution/targets/posix32/lib/libOpenComRTOS_SP_COs_D2_Kernel.a(L1_keylist_api.c.obj)
                0x0000000008049324                L1_KeyedList_findKey
                0x000000000804933d                L1_initFreeKeyList
                0x0000000008049387                L1_KeyedList_insertKeyWithPriority
                0x00000000080493c7                L1_KeyedList_removeKey
                0x0000000008049412                L1_KeyedList_changeKeyPriority
 *fill*         0x000000000804945b        0x1 
 .text          0x000000000804945c      0x270 /mnt/Projects/s-net_distribution/targets/posix32/lib/libOpenComRTOS_SP_COs_D2_Kernel.a(L1_kernel_loop.c.obj)
                0x00000000080494da                L1_returnToTask
                0x00000000080495b5                L1_KernelLoop
 .text          0x00000000080496cc       0xa5 /mnt/Projects/s-net_distribution/targets/posix32/lib/libOpenComRTOS_SP_COs_D2_Kernel.a(L1_list_api.c.obj)
                0x00000000080496cc                L1_List_getHeadElement
                0x00000000080496f4                L1_List_insert
                0x000000000804972b                L1_List_remove
                0x0000000008049755                L1_List_isMember
 *fill*         0x0000000008049771        0x3 
 .text          0x0000000008049774      0x359 /mnt/Projects/s-net_distribution/targets/posix32/lib/libOpenComRTOS_SP_COs_D2_Kernel.a(L1_kernel_hub_service.c.obj)
                0x0000000008049774                L1_genericHubControl
                0x00000000080497ae                L1_changePacketPriorityLocally
                0x00000000080498d0                L1_genericHubService
 *fill*         0x0000000008049acd        0x3 
 .text          0x0000000008049ad0       0x43 /mnt/Projects/s-net_distribution/targets/posix32/lib/libOpenComRTOS_SP_COs_D2_Kernel.a(L1_kernel_semaphore_service.c.obj)
                0x0000000008049ad0                SemaphoreUpdate
                0x0000000008049aec                SemaphoreSyncCondition
 *fill*         0x0000000008049b13        0x1 
 .text          0x0000000008049b14       0x71 /mnt/Projects/s-net_distribution/targets/posix32/lib/libOpenComRTOS_SP_COs_D2_Kernel.a(L1_kernel_resource_service.c.obj)
                0x0000000008049b14                ResourceUpdate
                0x0000000008049b3d                ResourceSyncCondition
 *fill*         0x0000000008049b85        0x3 
 .text          0x0000000008049b88      0x131 /mnt/Projects/s-net_distribution/targets/posix32/lib/libOpenComRTOS_SP_COs_D2_Kernel.a(L1_trace.c.obj)
                0x0000000008049bfa                L1_Trace_disableTracing
                0x0000000008049c12                L1_Trace_enableTracing
                0x0000000008049c2a                L1_Trace_getNextTraceLine
                0x0000000008049c34                L1_Trace_getOldestTraceLine
                0x0000000008049c3e                L1_Trace_getNumberOfAvailableTraceLines
                0x0000000008049c61                L1_Trace_insertMarker
                0x0000000008049c97                L1_Trace_insertMarkerIsrSafe
 *fill*         0x0000000008049cb9        0x3 
 .text          0x0000000008049cbc        0x0 /mnt/Projects/s-net_distribution/targets/posix32/lib/libOpenComRTOS_SP_COs_D2_Kernel.a(L1_types.c.obj)
 .text          0x0000000008049cbc       0x98 /mnt/Projects/s-net_distribution/targets/posix32/lib/libOpenComRTOS_SP_COs_D2_Kernel.a(L1_hub_data_event.c.obj)
                0x0000000008049cbc                DataEventHub_Update
                0x0000000008049d11                DataEventHub_SyncCondition
                0x0000000008049d29                DataEventHub_Ioctl
 .text          0x0000000008049d54        0x0 /mnt/Projects/s-net_distribution/targets/posix32/lib/libOpenComRTOS_SP_COs_D2_Kernel.a(L1_kernel_data.c.obj)
 .text          0x0000000008049d54       0x5e /mnt/Projects/s-net_distribution/targets/posix32/lib/libOpenComRTOS_SP_COs_D2_Kernel.a(L1_kernel_make_task_ready.c.obj)
                0x0000000008049d54                L1_changeTaskPriority
                0x0000000008049d9a                L1_makeTaskReady
 *fill*         0x0000000008049db2        0x2 
 .text          0x0000000008049db4      0x122 /mnt/Projects/s-net_distribution/targets/posix32/lib/libOpenComRTOS_SP_COs_D2_Kernel.a(L1_kernel_scheduler.c.obj)
                0x0000000008049e1f                L1_DescheduleKernel
                0x0000000008049e98                L1_Switch2Kernel
 *fill*         0x0000000008049ed6        0x2 
 .text          0x0000000008049ed8       0x59 /mnt/Projects/s-net_distribution/targets/posix32/lib/libOpenComRTOS_SP_COs_D2_Kernel.a(L1_kernel_start_task_service.c.obj)
                0x0000000008049ed8                L1_startTaskService
 *fill*         0x0000000008049f31        0x3 
 .text          0x0000000008049f34       0xc1 /mnt/Projects/s-net_distribution/targets/posix32/lib/libOpenComRTOS_SP_COs_D2_Kernel.a(L1_kernel_stop_task_service.c.obj)
                0x0000000008049f34                L1_stopTaskService
 *fill*         0x0000000008049ff5        0x3 
 .text          0x0000000008049ff8       0x3b /mnt/Projects/s-net_distribution/targets/posix32/lib/libOpenComRTOS_SP_COs_D2_Kernel.a(L1_kernel_suspend_task_service.c.obj)
                0x0000000008049ff8                L1_suspendTaskService
 *fill*         0x000000000804a033        0x1 
 .text          0x000000000804a034       0x3b /mnt/Projects/s-net_distribution/targets/posix32/lib/libOpenComRTOS_SP_COs_D2_Kernel.a(L1_kernel_resume_task_service.c.obj)
                0x000000000804a034                L1_resumeTaskService
 *fill*         0x000000000804a06f        0x1 
 .text          0x000000000804a070       0xc3 /mnt/Projects/s-net_distribution/targets/posix32/lib/libOpenComRTOS_SP_COs_D2_Kernel.a(L1_kernel_anypacket_service.c.obj)
                0x000000000804a070                inputPortService
                0x000000000804a10e                L1_anyPacketService
 *fill*         0x000000000804a133        0x1 
 .text          0x000000000804a134      0x2dd /mnt/Projects/s-net_distribution/targets/posix32/lib/libOpenComRTOS_SP_COs_D2_Kernel.a(L1_kernel_timerpacket_service.c.obj)
                0x000000000804a134                L1_setTimer
                0x000000000804a1f4                L1_resetTimer
                0x000000000804a295                L1_timerPacketService
 *fill*         0x000000000804a411        0x3 
 .text          0x000000000804a414      0x10e /mnt/Projects/s-net_distribution/targets/posix32/lib/libOpenComRTOS_SP_COs_D2_Kernel.a(L1_timerlist_api.c.obj)
                0x000000000804a414                L1_TimerList_isEmpty
                0x000000000804a423                L1_TimerList_HeadElement
                0x000000000804a42e                L1_TimerList_getSentinel
                0x000000000804a436                L1_TimerList_getHeadElement
                0x000000000804a467                L1_TimerList_putHeadElement
                0x000000000804a486                L1_TimerList_isMember
                0x000000000804a4a2                L1_TimerList_insert
                0x000000000804a4f2                L1_TimerList_remove
 *fill*         0x000000000804a522        0x2 
 .text          0x000000000804a524      0xce4 /mnt/Projects/s-net_distribution/targets/posix32/lib/libOpenComRTOS_SP_COs_D2_PlatformKernel.a(L1_hal.c.obj)
                0x000000000804a524                L1_Posix32_IsrEntryPoint
                0x000000000804a766                L1_Posix32_schedulerWaitForSuspendEvent
                0x000000000804a7db                L1_Posix32_schedulerWaitForIsrSuspendEvent
                0x000000000804a838                L1_initializeContextOfTask
                0x000000000804a8ec                L1_initializePlatform
                0x000000000804aaf8                L1_deinitializeContextOfTask
                0x000000000804ab4f                L1_startTasks
                0x000000000804ac1c                L1_enterCriticalSection
                0x000000000804ac37                L1_leaveCriticalSection
                0x000000000804ac52                L1_switchContext
                0x000000000804afa4                L1_saveStatusRegister
                0x000000000804afb3                L1_restoreStatusRegister
                0x000000000804afbc                L1_enterISR
                0x000000000804b0cc                L1_leaveISR
 .text          0x000000000804b208       0x5b /mnt/Projects/s-net_distribution/targets/posix32/lib/libOpenComRTOS_SP_COs_D2_PlatformKernel.a(L1_trace.c.obj)
                0x000000000804b208                L1_Trace_EnterTraceMode
                0x000000000804b211                L1_Trace_LeaveTraceMode
                0x000000000804b21a                L1_Trace_getLowCounterFrequency
                0x000000000804b223                L1_Trace_getHighCounterFrequency
                0x000000000804b22c                L1_Trace_TimeStamp
 *fill*         0x000000000804b263        0x1 
 .text          0x000000000804b264      0x2ff /mnt/Projects/s-net_distribution/targets/posix32/lib/libOpenComRTOS_SP_COs_D2_PlatformDriver.a(wtimer.c.obj)
                0x000000000804b29e                L1_Timer_getHighCounterFrequency
                0x000000000804b2a8                L1_Posix32_timerThreadProc
                0x000000000804b372                L1_initTimer
                0x000000000804b3ff                L1_Timer_isTimerPacketBeingProcessed
                0x000000000804b40f                L1_Timer_setTimeout
                0x000000000804b462                L1_Timer_cancelTimeout
                0x000000000804b48f                L1_Timer_getRemainingTimeoutTicks
                0x000000000804b4de                L1_msec2ticks
                0x000000000804b4e6                L1_Timer_getCurrentTime
                0x000000000804b51c                L1_Timer_getTimeStamp
                0x000000000804b55c                L1_Timer_getLowCounterFrequency
 *fill*         0x000000000804b563        0x1 
 .text          0x000000000804b564      0x2d5 /mnt/Projects/s-net_distribution/targets/posix32/lib/libPthreadAbstractionLayer_SP_COs_D2.a(Pth_Thread.c.obj)
                0x000000000804b564                ocr_pthread_attr_init
                0x000000000804b575                ocr_pthread_attr_destroy
                0x000000000804b586                ocr_pthread_attr_setdetachstate
                0x000000000804b5ad                ocr_pthread_attr_getdetachstate
                0x000000000804b5db                ocr_pthread_create
                0x000000000804b6cb                ocr_pthread_join
                0x000000000804b748                ocr_pthread_detach
                0x000000000804b76b                ocr_pthread_self
                0x000000000804b79d                pthreadEP
 *fill*         0x000000000804b839        0x3 
 .text          0x000000000804b83c      0x14a /mnt/Projects/s-net_distribution/targets/posix32/lib/libPthreadAbstractionLayer_SP_COs_D2.a(Pth_Mutex.c.obj)
                0x000000000804b83c                ocr_pthread_mutex_init
                0x000000000804b88f                ocr_pthread_mutex_destroy
                0x000000000804b8e2                ocr_pthread_mutex_lock
                0x000000000804b934                ocr_pthread_mutex_unlock
 *fill*         0x000000000804b986        0x2 
 .text          0x000000000804b988      0x190 /mnt/Projects/s-net_distribution/targets/posix32/lib/libPthreadAbstractionLayer_SP_COs_D2.a(Pth_Cond.c.obj)
                0x000000000804b988                ocr_pthread_cond_init
                0x000000000804b9da                ocr_pthread_cond_destroy
                0x000000000804ba07                ocr_pthread_cond_signal
                0x000000000804ba4e                ocr_pthread_cond_wait
 .text          0x000000000804bb18      0x16b /mnt/Projects/s-net_distribution/targets/posix32/lib/libOpenComRTOS_SP_COs_D2_Kernel.a(L1_kernel_request_service.c.obj)
                0x000000000804bb96                L1_buildAndInsertPacket
 *fill*         0x000000000804bc83        0x1 
 .text          0x000000000804bc84       0x41 /mnt/Projects/s-net_distribution/targets/posix32/lib/libOpenComRTOS_SP_COs_D2_Kernel.a(L1_task_api.c.obj)
                0x000000000804bc84                L1_runTask
 *fill*         0x000000000804bcc5        0x3 
 .text          0x000000000804bcc8       0xdd /mnt/Projects/s-net_distribution/targets/posix32/lib/libOpenComRTOS_SP_COs_D2_Kernel.a(L1_hub_data_api.c.obj)
                0x000000000804bcc8                L1_PutDataToHub
                0x000000000804bd3f                L1_GetDataFromHub
 *fill*         0x000000000804bda5        0xb 
 .text          0x000000000804bdb0       0x72 /usr/lib/i386-linux-gnu/libc_nonshared.a(elf-init.oS)
                0x000000000804bdb0                __libc_csu_init
                0x000000000804be20                __libc_csu_fini
 .text          0x000000000804be22        0x0 /usr/lib/gcc/i686-linux-gnu/4.8/crtend.o
 .text          0x000000000804be22        0x0 /usr/lib/gcc/i686-linux-gnu/4.8/../../../i386-linux-gnu/crtn.o
 *(.gnu.warning)

.fini           0x000000000804be24       0x14
 *(SORT(.fini))
 .fini          0x000000000804be24        0xf /usr/lib/gcc/i686-linux-gnu/4.8/../../../i386-linux-gnu/crti.o
                0x000000000804be24                _fini
 .fini          0x000000000804be33        0x5 /usr/lib/gcc/i686-linux-gnu/4.8/../../../i386-linux-gnu/crtn.o
                0x000000000804be38                PROVIDE (__etext, .)
                0x000000000804be38                PROVIDE (_etext, .)
                0x000000000804be38                PROVIDE (etext, .)

.rodata         0x000000000804be38      0x297
 *(.rodata .rodata.* .gnu.linkonce.r.*)
 .rodata        0x000000000804be38        0x4 /usr/lib/gcc/i686-linux-gnu/4.8/../../../i386-linux-gnu/crt1.o
                0x000000000804be38                _fp_hw
 .rodata.cst4   0x000000000804be3c        0x4 /usr/lib/gcc/i686-linux-gnu/4.8/../../../i386-linux-gnu/crt1.o
                0x000000000804be3c                _IO_stdin_used
 .rodata        0x000000000804be40        0x4 CMakeFiles/posixnode.dir/L1_node_config.c.obj
                0x000000000804be40                L1_Trace_NumberOfTraceElements
 .rodata.str1.1
                0x000000000804be44       0x62 CMakeFiles/posixnode.dir/mnt/Projects/s-net_distribution/projects/s_net_test/Source/pthr_streams.c.obj
 *fill*         0x000000000804bea6        0x2 
 .rodata        0x000000000804bea8        0xf CMakeFiles/posixnode.dir/mnt/Projects/s-net_distribution/projects/s_net_test/Source/pthr_streams.c.obj
 .rodata.str1.1
                0x000000000804beb7       0xc0 CMakeFiles/posixnode.dir/mnt/Projects/s-net_distribution/projects/s_net_test/Source/MainEP.c.obj
 *fill*         0x000000000804bf77        0x1 
 .rodata        0x000000000804bf78       0x28 /mnt/Projects/s-net_distribution/targets/posix32/lib/libOpenComRTOS_SP_COs_D2_Kernel.a(L1_kernel_loop.c.obj)
 .rodata.str1.1
                0x000000000804bfa0       0xbb /mnt/Projects/s-net_distribution/targets/posix32/lib/libOpenComRTOS_SP_COs_D2_Kernel.a(L1_trace.c.obj)
 *fill*         0x000000000804c05b        0x1 
 .rodata        0x000000000804c05c       0x22 /mnt/Projects/s-net_distribution/targets/posix32/lib/libOpenComRTOS_SP_COs_D2_Kernel.a(L1_types.c.obj)
                0x000000000804c05c                L1_Time_MAX
                0x000000000804c060                L1_Time_MIN
                0x000000000804c064                L1_INT32_MAX
                0x000000000804c068                L1_INT32_MIN
                0x000000000804c06c                L1_INT16_MAX
                0x000000000804c06e                L1_INT16_MIN
                0x000000000804c070                L1_UINT32_MAX
                0x000000000804c074                L1_UINT32_MIN
                0x000000000804c078                L1_UINT16_MAX
                0x000000000804c07a                L1_UINT16_MIN
                0x000000000804c07c                L1_BYTE_MAX
                0x000000000804c07d                L1_BYTE_MIN
 .rodata.str1.1
                0x000000000804c07e       0x51 /mnt/Projects/s-net_distribution/targets/posix32/lib/libOpenComRTOS_SP_COs_D2_PlatformKernel.a(L1_hal.c.obj)

.rodata1
 *(.rodata1)

.eh_frame_hdr   0x000000000804c0d0      0x3fc
 *(.eh_frame_hdr)
 .eh_frame_hdr  0x000000000804c0d0      0x3fc CMakeFiles/posixnode.dir/mnt/Projects/s-net_distribution/projects/s_net_test/Source/posixnode/posixnode.c.obj

.eh_frame       0x000000000804c4cc     0x1bdc
 *(.eh_frame)
 .eh_frame      0x000000000804c4cc       0x3c /usr/lib/gcc/i686-linux-gnu/4.8/../../../i386-linux-gnu/crt1.o
                                         0x40 (size before relaxing)
 .eh_frame      0x000000000804c508       0x48 CMakeFiles/posixnode.dir/mnt/Projects/s-net_distribution/projects/s_net_test/Source/posixnode/posixnode.c.obj
                                         0x60 (size before relaxing)
 .eh_frame      0x000000000804c550       0xec CMakeFiles/posixnode.dir/mnt/Projects/s-net_distribution/projects/s_net_test/Source/pthr_streams.c.obj
                                        0x104 (size before relaxing)
 .eh_frame      0x000000000804c63c       0x50 CMakeFiles/posixnode.dir/mnt/Projects/s-net_distribution/projects/s_net_test/Source/MainEP.c.obj
                                         0x68 (size before relaxing)
 .eh_frame      0x000000000804c68c       0x74 /mnt/Projects/s-net_distribution/targets/posix32/lib/libOpenComRTOS_SP_COs_D2_Kernel.a(L1_kernel_start.c.obj)
                                         0x8c (size before relaxing)
 .eh_frame      0x000000000804c700      0x108 /mnt/Projects/s-net_distribution/targets/posix32/lib/libOpenComRTOS_SP_COs_D2_Kernel.a(L1_keylist_api.c.obj)
                                        0x120 (size before relaxing)
 .eh_frame      0x000000000804c808      0x15c /mnt/Projects/s-net_distribution/targets/posix32/lib/libOpenComRTOS_SP_COs_D2_Kernel.a(L1_kernel_loop.c.obj)
                                        0x174 (size before relaxing)
 .eh_frame      0x000000000804c964       0x84 /mnt/Projects/s-net_distribution/targets/posix32/lib/libOpenComRTOS_SP_COs_D2_Kernel.a(L1_list_api.c.obj)
                                         0x9c (size before relaxing)
 .eh_frame      0x000000000804c9e8      0x1d0 /mnt/Projects/s-net_distribution/targets/posix32/lib/libOpenComRTOS_SP_COs_D2_Kernel.a(L1_kernel_hub_service.c.obj)
                                        0x1e8 (size before relaxing)
 .eh_frame      0x000000000804cbb8       0x40 /mnt/Projects/s-net_distribution/targets/posix32/lib/libOpenComRTOS_SP_COs_D2_Kernel.a(L1_kernel_semaphore_service.c.obj)
                                         0x58 (size before relaxing)
 .eh_frame      0x000000000804cbf8       0x44 /mnt/Projects/s-net_distribution/targets/posix32/lib/libOpenComRTOS_SP_COs_D2_Kernel.a(L1_kernel_resource_service.c.obj)
                                         0x5c (size before relaxing)
 .eh_frame      0x000000000804cc3c      0x11c /mnt/Projects/s-net_distribution/targets/posix32/lib/libOpenComRTOS_SP_COs_D2_Kernel.a(L1_trace.c.obj)
                                        0x134 (size before relaxing)
 .eh_frame      0x000000000804cd58       0x70 /mnt/Projects/s-net_distribution/targets/posix32/lib/libOpenComRTOS_SP_COs_D2_Kernel.a(L1_hub_data_event.c.obj)
                                         0x88 (size before relaxing)
 .eh_frame      0x000000000804cdc8       0x6c /mnt/Projects/s-net_distribution/targets/posix32/lib/libOpenComRTOS_SP_COs_D2_Kernel.a(L1_kernel_make_task_ready.c.obj)
                                         0x84 (size before relaxing)
 .eh_frame      0x000000000804ce34       0xb0 /mnt/Projects/s-net_distribution/targets/posix32/lib/libOpenComRTOS_SP_COs_D2_Kernel.a(L1_kernel_scheduler.c.obj)
                                         0xc8 (size before relaxing)
 .eh_frame      0x000000000804cee4       0x30 /mnt/Projects/s-net_distribution/targets/posix32/lib/libOpenComRTOS_SP_COs_D2_Kernel.a(L1_kernel_start_task_service.c.obj)
                                         0x48 (size before relaxing)
 .eh_frame      0x000000000804cf14       0x6c /mnt/Projects/s-net_distribution/targets/posix32/lib/libOpenComRTOS_SP_COs_D2_Kernel.a(L1_kernel_stop_task_service.c.obj)
                                         0x84 (size before relaxing)
 .eh_frame      0x000000000804cf80       0x20 /mnt/Projects/s-net_distribution/targets/posix32/lib/libOpenComRTOS_SP_COs_D2_Kernel.a(L1_kernel_suspend_task_service.c.obj)
                                         0x38 (size before relaxing)
 .eh_frame      0x000000000804cfa0       0x20 /mnt/Projects/s-net_distribution/targets/posix32/lib/libOpenComRTOS_SP_COs_D2_Kernel.a(L1_kernel_resume_task_service.c.obj)
                                         0x38 (size before relaxing)
 .eh_frame      0x000000000804cfc0       0x80 /mnt/Projects/s-net_distribution/targets/posix32/lib/libOpenComRTOS_SP_COs_D2_Kernel.a(L1_kernel_anypacket_service.c.obj)
                                         0x98 (size before relaxing)
 .eh_frame      0x000000000804d040      0x17c /mnt/Projects/s-net_distribution/targets/posix32/lib/libOpenComRTOS_SP_COs_D2_Kernel.a(L1_kernel_timerpacket_service.c.obj)
                                        0x194 (size before relaxing)
 .eh_frame      0x000000000804d1bc      0x108 /mnt/Projects/s-net_distribution/targets/posix32/lib/libOpenComRTOS_SP_COs_D2_Kernel.a(L1_timerlist_api.c.obj)
                                        0x120 (size before relaxing)
 .eh_frame      0x000000000804d2c4      0x624 /mnt/Projects/s-net_distribution/targets/posix32/lib/libOpenComRTOS_SP_COs_D2_PlatformKernel.a(L1_hal.c.obj)
                                        0x63c (size before relaxing)
 .eh_frame      0x000000000804d8e8       0xac /mnt/Projects/s-net_distribution/targets/posix32/lib/libOpenComRTOS_SP_COs_D2_PlatformKernel.a(L1_trace.c.obj)
                                         0xc4 (size before relaxing)
 .eh_frame      0x000000000804d994      0x238 /mnt/Projects/s-net_distribution/targets/posix32/lib/libOpenComRTOS_SP_COs_D2_PlatformDriver.a(wtimer.c.obj)
                                        0x250 (size before relaxing)
 .eh_frame      0x000000000804dbcc      0x1b0 /mnt/Projects/s-net_distribution/targets/posix32/lib/libPthreadAbstractionLayer_SP_COs_D2.a(Pth_Thread.c.obj)
                                        0x1c8 (size before relaxing)
 .eh_frame      0x000000000804dd7c       0xc8 /mnt/Projects/s-net_distribution/targets/posix32/lib/libPthreadAbstractionLayer_SP_COs_D2.a(Pth_Mutex.c.obj)
                                         0xe0 (size before relaxing)
 .eh_frame      0x000000000804de44       0xd0 /mnt/Projects/s-net_distribution/targets/posix32/lib/libPthreadAbstractionLayer_SP_COs_D2.a(Pth_Cond.c.obj)
                                         0xe8 (size before relaxing)
 .eh_frame      0x000000000804df14       0x90 /mnt/Projects/s-net_distribution/targets/posix32/lib/libOpenComRTOS_SP_COs_D2_Kernel.a(L1_kernel_request_service.c.obj)
                                         0xa8 (size before relaxing)
 .eh_frame      0x000000000804dfa4       0x38 /mnt/Projects/s-net_distribution/targets/posix32/lib/libOpenComRTOS_SP_COs_D2_Kernel.a(L1_task_api.c.obj)
                                         0x50 (size before relaxing)
 .eh_frame      0x000000000804dfdc       0x78 /mnt/Projects/s-net_distribution/targets/posix32/lib/libOpenComRTOS_SP_COs_D2_Kernel.a(L1_hub_data_api.c.obj)
                                         0x90 (size before relaxing)
 .eh_frame      0x000000000804e054       0x50 /usr/lib/i386-linux-gnu/libc_nonshared.a(elf-init.oS)
                                         0x7c (size before relaxing)
 .eh_frame      0x000000000804e0a4        0x4 /usr/lib/gcc/i686-linux-gnu/4.8/crtend.o

.gcc_except_table
 *(.gcc_except_table .gcc_except_table.*)

.exception_ranges
 *(.exception_ranges .exception_ranges*)
                0x000000000804e0a8                . = (ALIGN (0x1000) - ((0x1000 - .) & 0xfff))
                0x000000000804fee0                . = DATA_SEGMENT_ALIGN (0x1000, 0x1000)

.eh_frame
 *(.eh_frame)

.gcc_except_table
 *(.gcc_except_table .gcc_except_table.*)

.exception_ranges
 *(.exception_ranges .exception_ranges*)

.tdata
 *(.tdata .tdata.* .gnu.linkonce.td.*)

.tbss
 *(.tbss .tbss.* .gnu.linkonce.tb.*)
 *(.tcommon)

.preinit_array  0x000000000804fee0        0x0
                0x000000000804fee0                PROVIDE (__preinit_array_start, .)
 *(.preinit_array)
                0x000000000804fee0                PROVIDE (__preinit_array_end, .)

.init_array     0x000000000804fee0        0x4
                0x000000000804fee0                PROVIDE (__init_array_start, .)
 *(SORT(.init_array.*) SORT(.ctors.*))
 *(.init_array EXCLUDE_FILE(*crtend?.o *crtend.o *crtbegin?.o *crtbegin.o) .ctors)
 .init_array    0x000000000804fee0        0x4 /usr/lib/gcc/i686-linux-gnu/4.8/crtbegin.o
                0x000000000804fee4                PROVIDE (__init_array_end, .)

.fini_array     0x000000000804fee4        0x4
                0x000000000804fee4                PROVIDE (__fini_array_start, .)
 *(SORT(.fini_array.*) SORT(.dtors.*))
 *(.fini_array EXCLUDE_FILE(*crtend?.o *crtend.o *crtbegin?.o *crtbegin.o) .dtors)
 .fini_array    0x000000000804fee4        0x4 /usr/lib/gcc/i686-linux-gnu/4.8/crtbegin.o
                0x000000000804fee8                PROVIDE (__fini_array_end, .)

.ctors
 *crtbegin.o(.ctors)
 *crtbegin?.o(.ctors)
 *(EXCLUDE_FILE(*crtend?.o *crtend.o) .ctors)
 *(SORT(.ctors.*))
 *(.ctors)

.dtors
 *crtbegin.o(.dtors)
 *crtbegin?.o(.dtors)
 *(EXCLUDE_FILE(*crtend?.o *crtend.o) .dtors)
 *(SORT(.dtors.*))
 *(.dtors)

.jcr            0x000000000804fee8        0x4
 *(.jcr)
 .jcr           0x000000000804fee8        0x0 /usr/lib/gcc/i686-linux-gnu/4.8/crtbegin.o
 .jcr           0x000000000804fee8        0x4 /usr/lib/gcc/i686-linux-gnu/4.8/crtend.o

.data.rel.ro
 *(.data.rel.ro.local* .gnu.linkonce.d.rel.ro.local.*)
 *(.data.rel.ro .data.rel.ro.* .gnu.linkonce.d.rel.ro.*)

.dynamic        0x000000000804feec      0x110
 *(.dynamic)
 .dynamic       0x000000000804feec      0x110 /usr/lib/gcc/i686-linux-gnu/4.8/../../../i386-linux-gnu/crt1.o
                0x000000000804feec                _DYNAMIC

.got            0x000000000804fffc        0x4
 *(.got)
 .got           0x000000000804fffc        0x4 /usr/lib/gcc/i686-linux-gnu/4.8/../../../i386-linux-gnu/crt1.o
 *(.igot)
                0x0000000008050ff4                . = DATA_SEGMENT_RELRO_END (., (SIZEOF (.got.plt) >= 0xc)?0xc:0x0)

.got.plt        0x0000000008050000       0xac
 *(.got.plt)
 .got.plt       0x0000000008050000       0xac /usr/lib/gcc/i686-linux-gnu/4.8/../../../i386-linux-gnu/crt1.o
                0x0000000008050000                _GLOBAL_OFFSET_TABLE_
 *(.igot.plt)
 .igot.plt      0x0000000000000000        0x0 /usr/lib/gcc/i686-linux-gnu/4.8/../../../i386-linux-gnu/crt1.o

.data           0x00000000080500ac     0x3050
 *(.data .data.* .gnu.linkonce.d.*)
 .data          0x00000000080500ac        0x4 /usr/lib/gcc/i686-linux-gnu/4.8/../../../i386-linux-gnu/crt1.o
                0x00000000080500ac                data_start
                0x00000000080500ac                __data_start
 .data          0x00000000080500b0        0x0 /usr/lib/gcc/i686-linux-gnu/4.8/../../../i386-linux-gnu/crti.o
 .data          0x00000000080500b0        0x4 /usr/lib/gcc/i686-linux-gnu/4.8/crtbegin.o
                0x00000000080500b0                __dso_handle
 .data          0x00000000080500b4     0x2bc0 CMakeFiles/posixnode.dir/L1_node_config.c.obj
                0x00000000080500b4                L1_LocalHubs
                0x0000000008050234                threadpool_resource_3_HubState
                0x0000000008050240                threadpool_resource_2_HubState
                0x000000000805024c                threadpool_resource_1_HubState
                0x0000000008050258                threadpool_resource_0_HubState
                0x0000000008050264                L1_TaskControlBlock
                0x00000000080503ec                L1_NumberOfUsedResources
                0x00000000080521cc                L1_TaskInputPorts
                0x0000000008052220                L1_Posix32_ISRs
                0x0000000008052288                Pth_KeyPool_threadpool_threadpool_
                0x000000000805232c                Pth_CondPool_threadpool_threadpool_
                0x0000000008052420                Pth_MutexPool_threadpool_threadpool_
                0x00000000080524ec                Pth_ThreadPool_threadpool_threadpool_
                0x0000000008052c70                L1_Posix32_NbrOfIsrs
 .data          0x0000000008052c74        0x0 CMakeFiles/posixnode.dir/mnt/Projects/s-net_distribution/projects/s_net_test/Source/posixnode/posixnode.c.obj
 .data          0x0000000008052c74        0x0 CMakeFiles/posixnode.dir/mnt/Projects/s-net_distribution/projects/s_net_test/Source/pthr_streams.c.obj
 .data          0x0000000008052c74        0x0 CMakeFiles/posixnode.dir/mnt/Projects/s-net_distribution/projects/s_net_test/Source/MainEP.c.obj
 .data          0x0000000008052c74        0x0 /mnt/Projects/s-net_distribution/targets/posix32/lib/libOpenComRTOS_SP_COs_D2_Kernel.a(L1_kernel_start.c.obj)
 .data          0x0000000008052c74        0xc /mnt/Projects/s-net_distribution/targets/posix32/lib/libOpenComRTOS_SP_COs_D2_Kernel.a(L1_keylist_api.c.obj)
 .data          0x0000000008052c80        0x0 /mnt/Projects/s-net_distribution/targets/posix32/lib/libOpenComRTOS_SP_COs_D2_Kernel.a(L1_kernel_loop.c.obj)
 .data          0x0000000008052c80        0x0 /mnt/Projects/s-net_distribution/targets/posix32/lib/libOpenComRTOS_SP_COs_D2_Kernel.a(L1_list_api.c.obj)
 .data          0x0000000008052c80        0x0 /mnt/Projects/s-net_distribution/targets/posix32/lib/libOpenComRTOS_SP_COs_D2_Kernel.a(L1_kernel_hub_service.c.obj)
 .data          0x0000000008052c80        0x0 /mnt/Projects/s-net_distribution/targets/posix32/lib/libOpenComRTOS_SP_COs_D2_Kernel.a(L1_kernel_semaphore_service.c.obj)
 .data          0x0000000008052c80        0x0 /mnt/Projects/s-net_distribution/targets/posix32/lib/libOpenComRTOS_SP_COs_D2_Kernel.a(L1_kernel_resource_service.c.obj)
 .data          0x0000000008052c80       0x2c /mnt/Projects/s-net_distribution/targets/posix32/lib/libOpenComRTOS_SP_COs_D2_Kernel.a(L1_trace.c.obj)
                0x0000000008052c80                L1_tracer_ServiceId2Name
 .data          0x0000000008052cac        0x0 /mnt/Projects/s-net_distribution/targets/posix32/lib/libOpenComRTOS_SP_COs_D2_Kernel.a(L1_types.c.obj)
 .data          0x0000000008052cac        0x0 /mnt/Projects/s-net_distribution/targets/posix32/lib/libOpenComRTOS_SP_COs_D2_Kernel.a(L1_hub_data_event.c.obj)
 .data          0x0000000008052cac        0x0 /mnt/Projects/s-net_distribution/targets/posix32/lib/libOpenComRTOS_SP_COs_D2_Kernel.a(L1_kernel_data.c.obj)
 .data          0x0000000008052cac        0x0 /mnt/Projects/s-net_distribution/targets/posix32/lib/libOpenComRTOS_SP_COs_D2_Kernel.a(L1_kernel_make_task_ready.c.obj)
 .data          0x0000000008052cac        0xc /mnt/Projects/s-net_distribution/targets/posix32/lib/libOpenComRTOS_SP_COs_D2_Kernel.a(L1_kernel_scheduler.c.obj)
                0x0000000008052cac                L1_ReadyList
 .data          0x0000000008052cb8        0x0 /mnt/Projects/s-net_distribution/targets/posix32/lib/libOpenComRTOS_SP_COs_D2_Kernel.a(L1_kernel_start_task_service.c.obj)
 .data          0x0000000008052cb8        0x0 /mnt/Projects/s-net_distribution/targets/posix32/lib/libOpenComRTOS_SP_COs_D2_Kernel.a(L1_kernel_stop_task_service.c.obj)
 .data          0x0000000008052cb8        0x0 /mnt/Projects/s-net_distribution/targets/posix32/lib/libOpenComRTOS_SP_COs_D2_Kernel.a(L1_kernel_suspend_task_service.c.obj)
 .data          0x0000000008052cb8        0x0 /mnt/Projects/s-net_distribution/targets/posix32/lib/libOpenComRTOS_SP_COs_D2_Kernel.a(L1_kernel_resume_task_service.c.obj)
 .data          0x0000000008052cb8        0x0 /mnt/Projects/s-net_distribution/targets/posix32/lib/libOpenComRTOS_SP_COs_D2_Kernel.a(L1_kernel_anypacket_service.c.obj)
 .data          0x0000000008052cb8        0x0 /mnt/Projects/s-net_distribution/targets/posix32/lib/libOpenComRTOS_SP_COs_D2_Kernel.a(L1_kernel_timerpacket_service.c.obj)
 .data          0x0000000008052cb8        0x0 /mnt/Projects/s-net_distribution/targets/posix32/lib/libOpenComRTOS_SP_COs_D2_Kernel.a(L1_timerlist_api.c.obj)
 .data          0x0000000008052cb8        0x0 /mnt/Projects/s-net_distribution/targets/posix32/lib/libOpenComRTOS_SP_COs_D2_PlatformKernel.a(L1_hal.c.obj)
 .data          0x0000000008052cb8        0x0 /mnt/Projects/s-net_distribution/targets/posix32/lib/libOpenComRTOS_SP_COs_D2_PlatformKernel.a(L1_trace.c.obj)
 .data          0x0000000008052cb8      0x444 /mnt/Projects/s-net_distribution/targets/posix32/lib/libOpenComRTOS_SP_COs_D2_PlatformDriver.a(wtimer.c.obj)
 .data          0x00000000080530fc        0x0 /mnt/Projects/s-net_distribution/targets/posix32/lib/libPthreadAbstractionLayer_SP_COs_D2.a(Pth_Thread.c.obj)
 .data          0x00000000080530fc        0x0 /mnt/Projects/s-net_distribution/targets/posix32/lib/libPthreadAbstractionLayer_SP_COs_D2.a(Pth_Mutex.c.obj)
 .data          0x00000000080530fc        0x0 /mnt/Projects/s-net_distribution/targets/posix32/lib/libPthreadAbstractionLayer_SP_COs_D2.a(Pth_Cond.c.obj)
 .data          0x00000000080530fc        0x0 /mnt/Projects/s-net_distribution/targets/posix32/lib/libOpenComRTOS_SP_COs_D2_Kernel.a(L1_kernel_request_service.c.obj)
 .data          0x00000000080530fc        0x0 /mnt/Projects/s-net_distribution/targets/posix32/lib/libOpenComRTOS_SP_COs_D2_Kernel.a(L1_task_api.c.obj)
 .data          0x00000000080530fc        0x0 /mnt/Projects/s-net_distribution/targets/posix32/lib/libOpenComRTOS_SP_COs_D2_Kernel.a(L1_hub_data_api.c.obj)
 .data          0x00000000080530fc        0x0 /usr/lib/i386-linux-gnu/libc_nonshared.a(elf-init.oS)
 .data          0x00000000080530fc        0x0 /usr/lib/gcc/i686-linux-gnu/4.8/crtend.o
 .data          0x00000000080530fc        0x0 /usr/lib/gcc/i686-linux-gnu/4.8/../../../i386-linux-gnu/crtn.o

.tm_clone_table
                0x00000000080530fc        0x0
 .tm_clone_table
                0x00000000080530fc        0x0 /usr/lib/gcc/i686-linux-gnu/4.8/crtbegin.o
 .tm_clone_table
                0x00000000080530fc        0x0 /usr/lib/gcc/i686-linux-gnu/4.8/crtend.o

.data1
 *(.data1)
                0x00000000080530fc                _edata = .
                0x00000000080530fc                PROVIDE (edata, .)
                0x00000000080530fc                . = .
                0x00000000080530fc                __bss_start = .

.bss            0x00000000080530fc     0x52b8
 *(.dynbss)
 .dynbss        0x0000000000000000        0x0 /usr/lib/gcc/i686-linux-gnu/4.8/../../../i386-linux-gnu/crt1.o
 *(.bss .bss.* .gnu.linkonce.b.*)
 .bss           0x00000000080530fc        0x0 /usr/lib/gcc/i686-linux-gnu/4.8/../../../i386-linux-gnu/crt1.o
 .bss           0x00000000080530fc        0x0 /usr/lib/gcc/i686-linux-gnu/4.8/../../../i386-linux-gnu/crti.o
 .bss           0x00000000080530fc        0x1 /usr/lib/gcc/i686-linux-gnu/4.8/crtbegin.o
 *fill*         0x00000000080530fd        0x3 
 .bss           0x0000000008053100     0x1028 CMakeFiles/posixnode.dir/L1_node_config.c.obj
                0x0000000008053100                threadpool_sem_3_HubState
                0x0000000008053102                threadpool_sem_2_HubState
                0x0000000008053104                threadpool_sem_1_HubState
                0x0000000008053106                threadpool_sem_0_HubState
                0x0000000008053108                threadpool_event_3_HubState
                0x0000000008053510                threadpool_event_2_HubState
                0x0000000008053918                threadpool_event_1_HubState
                0x0000000008053d20                threadpool_event_0_HubState
 .bss           0x0000000008054128        0x0 CMakeFiles/posixnode.dir/mnt/Projects/s-net_distribution/projects/s_net_test/Source/posixnode/posixnode.c.obj
 .bss           0x0000000008054128        0x0 CMakeFiles/posixnode.dir/mnt/Projects/s-net_distribution/projects/s_net_test/Source/pthr_streams.c.obj
 .bss           0x0000000008054128       0x14 CMakeFiles/posixnode.dir/mnt/Projects/s-net_distribution/projects/s_net_test/Source/MainEP.c.obj
 .bss           0x000000000805413c        0x0 /mnt/Projects/s-net_distribution/targets/posix32/lib/libOpenComRTOS_SP_COs_D2_Kernel.a(L1_kernel_start.c.obj)
 .bss           0x000000000805413c        0x0 /mnt/Projects/s-net_distribution/targets/posix32/lib/libOpenComRTOS_SP_COs_D2_Kernel.a(L1_keylist_api.c.obj)
 .bss           0x000000000805413c        0x2 /mnt/Projects/s-net_distribution/targets/posix32/lib/libOpenComRTOS_SP_COs_D2_Kernel.a(L1_kernel_loop.c.obj)
                0x000000000805413c                NodePacketCounter
 *fill*         0x000000000805413e        0x2 
 .bss           0x0000000008054140        0x0 /mnt/Projects/s-net_distribution/targets/posix32/lib/libOpenComRTOS_SP_COs_D2_Kernel.a(L1_list_api.c.obj)
 .bss           0x0000000008054140        0x0 /mnt/Projects/s-net_distribution/targets/posix32/lib/libOpenComRTOS_SP_COs_D2_Kernel.a(L1_kernel_hub_service.c.obj)
 .bss           0x0000000008054140        0x0 /mnt/Projects/s-net_distribution/targets/posix32/lib/libOpenComRTOS_SP_COs_D2_Kernel.a(L1_kernel_semaphore_service.c.obj)
 .bss           0x0000000008054140        0x0 /mnt/Projects/s-net_distribution/targets/posix32/lib/libOpenComRTOS_SP_COs_D2_Kernel.a(L1_kernel_resource_service.c.obj)
 .bss           0x0000000008054140        0x9 /mnt/Projects/s-net_distribution/targets/posix32/lib/libOpenComRTOS_SP_COs_D2_Kernel.a(L1_trace.c.obj)
                0x0000000008054140                oldestTraceLine
                0x0000000008054144                nextTraceLine
                0x0000000008054148                tracingDisabled
 *fill*         0x0000000008054149        0x3 
 .bss           0x000000000805414c        0x0 /mnt/Projects/s-net_distribution/targets/posix32/lib/libOpenComRTOS_SP_COs_D2_Kernel.a(L1_types.c.obj)
 .bss           0x000000000805414c        0x0 /mnt/Projects/s-net_distribution/targets/posix32/lib/libOpenComRTOS_SP_COs_D2_Kernel.a(L1_hub_data_event.c.obj)
 .bss           0x000000000805414c        0x0 /mnt/Projects/s-net_distribution/targets/posix32/lib/libOpenComRTOS_SP_COs_D2_Kernel.a(L1_kernel_data.c.obj)
 .bss           0x000000000805414c        0x0 /mnt/Projects/s-net_distribution/targets/posix32/lib/libOpenComRTOS_SP_COs_D2_Kernel.a(L1_kernel_make_task_ready.c.obj)
 .bss           0x000000000805414c        0x4 /mnt/Projects/s-net_distribution/targets/posix32/lib/libOpenComRTOS_SP_COs_D2_Kernel.a(L1_kernel_scheduler.c.obj)
                0x000000000805414c                L1_CurrentTaskCR
 .bss           0x0000000008054150        0x0 /mnt/Projects/s-net_distribution/targets/posix32/lib/libOpenComRTOS_SP_COs_D2_Kernel.a(L1_kernel_start_task_service.c.obj)
 .bss           0x0000000008054150        0x0 /mnt/Projects/s-net_distribution/targets/posix32/lib/libOpenComRTOS_SP_COs_D2_Kernel.a(L1_kernel_stop_task_service.c.obj)
 .bss           0x0000000008054150        0x0 /mnt/Projects/s-net_distribution/targets/posix32/lib/libOpenComRTOS_SP_COs_D2_Kernel.a(L1_kernel_suspend_task_service.c.obj)
 .bss           0x0000000008054150        0x0 /mnt/Projects/s-net_distribution/targets/posix32/lib/libOpenComRTOS_SP_COs_D2_Kernel.a(L1_kernel_resume_task_service.c.obj)
 .bss           0x0000000008054150        0x0 /mnt/Projects/s-net_distribution/targets/posix32/lib/libOpenComRTOS_SP_COs_D2_Kernel.a(L1_kernel_anypacket_service.c.obj)
 .bss           0x0000000008054150       0x14 /mnt/Projects/s-net_distribution/targets/posix32/lib/libOpenComRTOS_SP_COs_D2_Kernel.a(L1_kernel_timerpacket_service.c.obj)
                0x0000000008054150                L1_NodeTimerTimeoutList
 .bss           0x0000000008054164        0x0 /mnt/Projects/s-net_distribution/targets/posix32/lib/libOpenComRTOS_SP_COs_D2_Kernel.a(L1_timerlist_api.c.obj)
 .bss           0x0000000008054164      0x194 /mnt/Projects/s-net_distribution/targets/posix32/lib/libOpenComRTOS_SP_COs_D2_PlatformKernel.a(L1_hal.c.obj)
                0x0000000008054164                prevTask
                0x0000000008054168                CriticalSetionEntryCount
 .bss           0x00000000080542f8        0x0 /mnt/Projects/s-net_distribution/targets/posix32/lib/libOpenComRTOS_SP_COs_D2_PlatformKernel.a(L1_trace.c.obj)
 .bss           0x00000000080542f8       0x5c /mnt/Projects/s-net_distribution/targets/posix32/lib/libOpenComRTOS_SP_COs_D2_PlatformDriver.a(wtimer.c.obj)
 .bss           0x0000000008054354        0x0 /mnt/Projects/s-net_distribution/targets/posix32/lib/libPthreadAbstractionLayer_SP_COs_D2.a(Pth_Thread.c.obj)
 .bss           0x0000000008054354        0x0 /mnt/Projects/s-net_distribution/targets/posix32/lib/libPthreadAbstractionLayer_SP_COs_D2.a(Pth_Mutex.c.obj)
 .bss           0x0000000008054354        0x0 /mnt/Projects/s-net_distribution/targets/posix32/lib/libPthreadAbstractionLayer_SP_COs_D2.a(Pth_Cond.c.obj)
 .bss           0x0000000008054354        0x0 /mnt/Projects/s-net_distribution/targets/posix32/lib/libOpenComRTOS_SP_COs_D2_Kernel.a(L1_kernel_request_service.c.obj)
 .bss           0x0000000008054354        0x0 /mnt/Projects/s-net_distribution/targets/posix32/lib/libOpenComRTOS_SP_COs_D2_Kernel.a(L1_task_api.c.obj)
 .bss           0x0000000008054354        0x0 /mnt/Projects/s-net_distribution/targets/posix32/lib/libOpenComRTOS_SP_COs_D2_Kernel.a(L1_hub_data_api.c.obj)
 .bss           0x0000000008054354        0x0 /usr/lib/i386-linux-gnu/libc_nonshared.a(elf-init.oS)
 .bss           0x0000000008054354        0x0 /usr/lib/gcc/i686-linux-gnu/4.8/crtend.o
 .bss           0x0000000008054354        0x0 /usr/lib/gcc/i686-linux-gnu/4.8/../../../i386-linux-gnu/crtn.o
 *(COMMON)
 COMMON         0x0000000008054354     0x4040 CMakeFiles/posixnode.dir/L1_node_config.c.obj
                0x0000000008054354                L1_KeyListElements
                0x0000000008054394                L1_Trace_TraceBuffer
 COMMON         0x0000000008058394        0x2 /mnt/Projects/s-net_distribution/targets/posix32/lib/libOpenComRTOS_SP_COs_D2_Kernel.a(L1_kernel_data.c.obj)
                0x0000000008058394                L1_ISRNesting
 COMMON         0x0000000008058396        0x1 /mnt/Projects/s-net_distribution/targets/posix32/lib/libOpenComRTOS_SP_COs_D2_Kernel.a(L1_kernel_scheduler.c.obj)
                0x0000000008058396                L1_ScheduleRequest
 *fill*         0x0000000008058397        0x1 
 COMMON         0x0000000008058398       0x1c /mnt/Projects/s-net_distribution/targets/posix32/lib/libOpenComRTOS_SP_COs_D2_PlatformKernel.a(L1_hal.c.obj)
                0x0000000008058398                L1_Posix32_tracebufferMutexAttr
                0x000000000805839c                L1_Posix32_tracebufferMutex
                0x00000000080583b4                . = ALIGN ((. != 0x0)?0x4:0x1)
                0x00000000080583b4                . = ALIGN (0x4)
                0x00000000080583b4                . = SEGMENT_START ("ldata-segment", .)
                0x00000000080583b4                . = ALIGN (0x4)
                0x00000000080583b4                _end = .
                0x00000000080583b4                PROVIDE (end, .)
                0x00000000080583b4                . = DATA_SEGMENT_END (.)

.stab
 *(.stab)

.stabstr
 *(.stabstr)

.stab.excl
 *(.stab.excl)

.stab.exclstr
 *(.stab.exclstr)

.stab.index
 *(.stab.index)

.stab.indexstr
 *(.stab.indexstr)

.comment        0x0000000000000000       0x4e
 *(.comment)
 .comment       0x0000000000000000       0x24 /usr/lib/gcc/i686-linux-gnu/4.8/crtbegin.o
                                         0x25 (size before relaxing)
 .comment       0x0000000000000000       0x25 CMakeFiles/posixnode.dir/L1_node_config.c.obj
 .comment       0x0000000000000000       0x25 CMakeFiles/posixnode.dir/mnt/Projects/s-net_distribution/projects/s_net_test/Source/posixnode/posixnode.c.obj
 .comment       0x0000000000000000       0x25 CMakeFiles/posixnode.dir/mnt/Projects/s-net_distribution/projects/s_net_test/Source/pthr_streams.c.obj
 .comment       0x0000000000000000       0x25 CMakeFiles/posixnode.dir/mnt/Projects/s-net_distribution/projects/s_net_test/Source/MainEP.c.obj
 .comment       0x0000000000000024       0x2a /mnt/Projects/s-net_distribution/targets/posix32/lib/libOpenComRTOS_SP_COs_D2_Kernel.a(L1_kernel_start.c.obj)
                                         0x2b (size before relaxing)
 .comment       0x0000000000000000       0x2b /mnt/Projects/s-net_distribution/targets/posix32/lib/libOpenComRTOS_SP_COs_D2_Kernel.a(L1_keylist_api.c.obj)
 .comment       0x0000000000000000       0x2b /mnt/Projects/s-net_distribution/targets/posix32/lib/libOpenComRTOS_SP_COs_D2_Kernel.a(L1_kernel_loop.c.obj)
 .comment       0x0000000000000000       0x2b /mnt/Projects/s-net_distribution/targets/posix32/lib/libOpenComRTOS_SP_COs_D2_Kernel.a(L1_list_api.c.obj)
 .comment       0x0000000000000000       0x2b /mnt/Projects/s-net_distribution/targets/posix32/lib/libOpenComRTOS_SP_COs_D2_Kernel.a(L1_kernel_hub_service.c.obj)
 .comment       0x0000000000000000       0x2b /mnt/Projects/s-net_distribution/targets/posix32/lib/libOpenComRTOS_SP_COs_D2_Kernel.a(L1_kernel_semaphore_service.c.obj)
 .comment       0x0000000000000000       0x2b /mnt/Projects/s-net_distribution/targets/posix32/lib/libOpenComRTOS_SP_COs_D2_Kernel.a(L1_kernel_resource_service.c.obj)
 .comment       0x0000000000000000       0x2b /mnt/Projects/s-net_distribution/targets/posix32/lib/libOpenComRTOS_SP_COs_D2_Kernel.a(L1_trace.c.obj)
 .comment       0x0000000000000000       0x2b /mnt/Projects/s-net_distribution/targets/posix32/lib/libOpenComRTOS_SP_COs_D2_Kernel.a(L1_types.c.obj)
 .comment       0x0000000000000000       0x2b /mnt/Projects/s-net_distribution/targets/posix32/lib/libOpenComRTOS_SP_COs_D2_Kernel.a(L1_hub_data_event.c.obj)
 .comment       0x0000000000000000       0x2b /mnt/Projects/s-net_distribution/targets/posix32/lib/libOpenComRTOS_SP_COs_D2_Kernel.a(L1_kernel_data.c.obj)
 .comment       0x0000000000000000       0x2b /mnt/Projects/s-net_distribution/targets/posix32/lib/libOpenComRTOS_SP_COs_D2_Kernel.a(L1_kernel_make_task_ready.c.obj)
 .comment       0x0000000000000000       0x2b /mnt/Projects/s-net_distribution/targets/posix32/lib/libOpenComRTOS_SP_COs_D2_Kernel.a(L1_kernel_scheduler.c.obj)
 .comment       0x0000000000000000       0x2b /mnt/Projects/s-net_distribution/targets/posix32/lib/libOpenComRTOS_SP_COs_D2_Kernel.a(L1_kernel_start_task_service.c.obj)
 .comment       0x0000000000000000       0x2b /mnt/Projects/s-net_distribution/targets/posix32/lib/libOpenComRTOS_SP_COs_D2_Kernel.a(L1_kernel_stop_task_service.c.obj)
 .comment       0x0000000000000000       0x2b /mnt/Projects/s-net_distribution/targets/posix32/lib/libOpenComRTOS_SP_COs_D2_Kernel.a(L1_kernel_suspend_task_service.c.obj)
 .comment       0x0000000000000000       0x2b /mnt/Projects/s-net_distribution/targets/posix32/lib/libOpenComRTOS_SP_COs_D2_Kernel.a(L1_kernel_resume_task_service.c.obj)
 .comment       0x0000000000000000       0x2b /mnt/Projects/s-net_distribution/targets/posix32/lib/libOpenComRTOS_SP_COs_D2_Kernel.a(L1_kernel_anypacket_service.c.obj)
 .comment       0x0000000000000000       0x2b /mnt/Projects/s-net_distribution/targets/posix32/lib/libOpenComRTOS_SP_COs_D2_Kernel.a(L1_kernel_timerpacket_service.c.obj)
 .comment       0x0000000000000000       0x2b /mnt/Projects/s-net_distribution/targets/posix32/lib/libOpenComRTOS_SP_COs_D2_Kernel.a(L1_timerlist_api.c.obj)
 .comment       0x0000000000000000       0x2b /mnt/Projects/s-net_distribution/targets/posix32/lib/libOpenComRTOS_SP_COs_D2_PlatformKernel.a(L1_hal.c.obj)
 .comment       0x0000000000000000       0x2b /mnt/Projects/s-net_distribution/targets/posix32/lib/libOpenComRTOS_SP_COs_D2_PlatformKernel.a(L1_trace.c.obj)
 .comment       0x0000000000000000       0x2b /mnt/Projects/s-net_distribution/targets/posix32/lib/libOpenComRTOS_SP_COs_D2_PlatformDriver.a(wtimer.c.obj)
 .comment       0x0000000000000000       0x2b /mnt/Projects/s-net_distribution/targets/posix32/lib/libPthreadAbstractionLayer_SP_COs_D2.a(Pth_Thread.c.obj)
 .comment       0x0000000000000000       0x2b /mnt/Projects/s-net_distribution/targets/posix32/lib/libPthreadAbstractionLayer_SP_COs_D2.a(Pth_Mutex.c.obj)
 .comment       0x0000000000000000       0x2b /mnt/Projects/s-net_distribution/targets/posix32/lib/libPthreadAbstractionLayer_SP_COs_D2.a(Pth_Cond.c.obj)
 .comment       0x0000000000000000       0x2b /mnt/Projects/s-net_distribution/targets/posix32/lib/libOpenComRTOS_SP_COs_D2_Kernel.a(L1_kernel_request_service.c.obj)
 .comment       0x0000000000000000       0x2b /mnt/Projects/s-net_distribution/targets/posix32/lib/libOpenComRTOS_SP_COs_D2_Kernel.a(L1_task_api.c.obj)
 .comment       0x0000000000000000       0x2b /mnt/Projects/s-net_distribution/targets/posix32/lib/libOpenComRTOS_SP_COs_D2_Kernel.a(L1_hub_data_api.c.obj)
 .comment       0x0000000000000000       0x25 /usr/lib/i386-linux-gnu/libc_nonshared.a(elf-init.oS)
 .comment       0x0000000000000000       0x25 /usr/lib/gcc/i686-linux-gnu/4.8/crtend.o

.debug
 *(.debug)

.line
 *(.line)

.debug_srcinfo
 *(.debug_srcinfo)

.debug_sfnames
 *(.debug_sfnames)

.debug_aranges  0x0000000000000000      0x3e0
 *(.debug_aranges)
 .debug_aranges
                0x0000000000000000       0x18 CMakeFiles/posixnode.dir/L1_node_config.c.obj
 .debug_aranges
                0x0000000000000018       0x28 CMakeFiles/posixnode.dir/mnt/Projects/s-net_distribution/projects/s_net_test/Source/posixnode/posixnode.c.obj
 .debug_aranges
                0x0000000000000040       0x20 CMakeFiles/posixnode.dir/mnt/Projects/s-net_distribution/projects/s_net_test/Source/pthr_streams.c.obj
 .debug_aranges
                0x0000000000000060       0x20 CMakeFiles/posixnode.dir/mnt/Projects/s-net_distribution/projects/s_net_test/Source/MainEP.c.obj
 .debug_aranges
                0x0000000000000080       0x20 /mnt/Projects/s-net_distribution/targets/posix32/lib/libOpenComRTOS_SP_COs_D2_Kernel.a(L1_kernel_start.c.obj)
 .debug_aranges
                0x00000000000000a0       0x20 /mnt/Projects/s-net_distribution/targets/posix32/lib/libOpenComRTOS_SP_COs_D2_Kernel.a(L1_keylist_api.c.obj)
 .debug_aranges
                0x00000000000000c0       0x20 /mnt/Projects/s-net_distribution/targets/posix32/lib/libOpenComRTOS_SP_COs_D2_Kernel.a(L1_kernel_loop.c.obj)
 .debug_aranges
                0x00000000000000e0       0x20 /mnt/Projects/s-net_distribution/targets/posix32/lib/libOpenComRTOS_SP_COs_D2_Kernel.a(L1_list_api.c.obj)
 .debug_aranges
                0x0000000000000100       0x20 /mnt/Projects/s-net_distribution/targets/posix32/lib/libOpenComRTOS_SP_COs_D2_Kernel.a(L1_kernel_hub_service.c.obj)
 .debug_aranges
                0x0000000000000120       0x20 /mnt/Projects/s-net_distribution/targets/posix32/lib/libOpenComRTOS_SP_COs_D2_Kernel.a(L1_kernel_semaphore_service.c.obj)
 .debug_aranges
                0x0000000000000140       0x20 /mnt/Projects/s-net_distribution/targets/posix32/lib/libOpenComRTOS_SP_COs_D2_Kernel.a(L1_kernel_resource_service.c.obj)
 .debug_aranges
                0x0000000000000160       0x20 /mnt/Projects/s-net_distribution/targets/posix32/lib/libOpenComRTOS_SP_COs_D2_Kernel.a(L1_trace.c.obj)
 .debug_aranges
                0x0000000000000180       0x20 /mnt/Projects/s-net_distribution/targets/posix32/lib/libOpenComRTOS_SP_COs_D2_Kernel.a(L1_hub_data_event.c.obj)
 .debug_aranges
                0x00000000000001a0       0x20 /mnt/Projects/s-net_distribution/targets/posix32/lib/libOpenComRTOS_SP_COs_D2_Kernel.a(L1_kernel_make_task_ready.c.obj)
 .debug_aranges
                0x00000000000001c0       0x20 /mnt/Projects/s-net_distribution/targets/posix32/lib/libOpenComRTOS_SP_COs_D2_Kernel.a(L1_kernel_scheduler.c.obj)
 .debug_aranges
                0x00000000000001e0       0x20 /mnt/Projects/s-net_distribution/targets/posix32/lib/libOpenComRTOS_SP_COs_D2_Kernel.a(L1_kernel_start_task_service.c.obj)
 .debug_aranges
                0x0000000000000200       0x20 /mnt/Projects/s-net_distribution/targets/posix32/lib/libOpenComRTOS_SP_COs_D2_Kernel.a(L1_kernel_stop_task_service.c.obj)
 .debug_aranges
                0x0000000000000220       0x20 /mnt/Projects/s-net_distribution/targets/posix32/lib/libOpenComRTOS_SP_COs_D2_Kernel.a(L1_kernel_suspend_task_service.c.obj)
 .debug_aranges
                0x0000000000000240       0x20 /mnt/Projects/s-net_distribution/targets/posix32/lib/libOpenComRTOS_SP_COs_D2_Kernel.a(L1_kernel_resume_task_service.c.obj)
 .debug_aranges
                0x0000000000000260       0x20 /mnt/Projects/s-net_distribution/targets/posix32/lib/libOpenComRTOS_SP_COs_D2_Kernel.a(L1_kernel_anypacket_service.c.obj)
 .debug_aranges
                0x0000000000000280       0x20 /mnt/Projects/s-net_distribution/targets/posix32/lib/libOpenComRTOS_SP_COs_D2_Kernel.a(L1_kernel_timerpacket_service.c.obj)
 .debug_aranges
                0x00000000000002a0       0x20 /mnt/Projects/s-net_distribution/targets/posix32/lib/libOpenComRTOS_SP_COs_D2_Kernel.a(L1_timerlist_api.c.obj)
 .debug_aranges
                0x00000000000002c0       0x20 /mnt/Projects/s-net_distribution/targets/posix32/lib/libOpenComRTOS_SP_COs_D2_PlatformKernel.a(L1_hal.c.obj)
 .debug_aranges
                0x00000000000002e0       0x20 /mnt/Projects/s-net_distribution/targets/posix32/lib/libOpenComRTOS_SP_COs_D2_PlatformKernel.a(L1_trace.c.obj)
 .debug_aranges
                0x0000000000000300       0x20 /mnt/Projects/s-net_distribution/targets/posix32/lib/libOpenComRTOS_SP_COs_D2_PlatformDriver.a(wtimer.c.obj)
 .debug_aranges
                0x0000000000000320       0x20 /mnt/Projects/s-net_distribution/targets/posix32/lib/libPthreadAbstractionLayer_SP_COs_D2.a(Pth_Thread.c.obj)
 .debug_aranges
                0x0000000000000340       0x20 /mnt/Projects/s-net_distribution/targets/posix32/lib/libPthreadAbstractionLayer_SP_COs_D2.a(Pth_Mutex.c.obj)
 .debug_aranges
                0x0000000000000360       0x20 /mnt/Projects/s-net_distribution/targets/posix32/lib/libPthreadAbstractionLayer_SP_COs_D2.a(Pth_Cond.c.obj)
 .debug_aranges
                0x0000000000000380       0x20 /mnt/Projects/s-net_distribution/targets/posix32/lib/libOpenComRTOS_SP_COs_D2_Kernel.a(L1_kernel_request_service.c.obj)
 .debug_aranges
                0x00000000000003a0       0x20 /mnt/Projects/s-net_distribution/targets/posix32/lib/libOpenComRTOS_SP_COs_D2_Kernel.a(L1_task_api.c.obj)
 .debug_aranges
                0x00000000000003c0       0x20 /mnt/Projects/s-net_distribution/targets/posix32/lib/libOpenComRTOS_SP_COs_D2_Kernel.a(L1_hub_data_api.c.obj)

.debug_pubnames
 *(.debug_pubnames)

.debug_info     0x0000000000000000    0x10061
 *(.debug_info .gnu.linkonce.wi.*)
 .debug_info    0x0000000000000000      0xe43 CMakeFiles/posixnode.dir/L1_node_config.c.obj
 .debug_info    0x0000000000000e43      0x73d CMakeFiles/posixnode.dir/mnt/Projects/s-net_distribution/projects/s_net_test/Source/posixnode/posixnode.c.obj
 .debug_info    0x0000000000001580      0x514 CMakeFiles/posixnode.dir/mnt/Projects/s-net_distribution/projects/s_net_test/Source/pthr_streams.c.obj
 .debug_info    0x0000000000001a94      0xce0 CMakeFiles/posixnode.dir/mnt/Projects/s-net_distribution/projects/s_net_test/Source/MainEP.c.obj
 .debug_info    0x0000000000002774      0x8eb /mnt/Projects/s-net_distribution/targets/posix32/lib/libOpenComRTOS_SP_COs_D2_Kernel.a(L1_kernel_start.c.obj)
 .debug_info    0x000000000000305f      0x4af /mnt/Projects/s-net_distribution/targets/posix32/lib/libOpenComRTOS_SP_COs_D2_Kernel.a(L1_keylist_api.c.obj)
 .debug_info    0x000000000000350e      0x9f6 /mnt/Projects/s-net_distribution/targets/posix32/lib/libOpenComRTOS_SP_COs_D2_Kernel.a(L1_kernel_loop.c.obj)
 .debug_info    0x0000000000003f04      0x267 /mnt/Projects/s-net_distribution/targets/posix32/lib/libOpenComRTOS_SP_COs_D2_Kernel.a(L1_list_api.c.obj)
 .debug_info    0x000000000000416b      0xf81 /mnt/Projects/s-net_distribution/targets/posix32/lib/libOpenComRTOS_SP_COs_D2_Kernel.a(L1_kernel_hub_service.c.obj)
 .debug_info    0x00000000000050ec      0x533 /mnt/Projects/s-net_distribution/targets/posix32/lib/libOpenComRTOS_SP_COs_D2_Kernel.a(L1_kernel_semaphore_service.c.obj)
 .debug_info    0x000000000000561f      0x538 /mnt/Projects/s-net_distribution/targets/posix32/lib/libOpenComRTOS_SP_COs_D2_Kernel.a(L1_kernel_resource_service.c.obj)
 .debug_info    0x0000000000005b57      0x901 /mnt/Projects/s-net_distribution/targets/posix32/lib/libOpenComRTOS_SP_COs_D2_Kernel.a(L1_trace.c.obj)
 .debug_info    0x0000000000006458      0x197 /mnt/Projects/s-net_distribution/targets/posix32/lib/libOpenComRTOS_SP_COs_D2_Kernel.a(L1_types.c.obj)
 .debug_info    0x00000000000065ef      0x5aa /mnt/Projects/s-net_distribution/targets/posix32/lib/libOpenComRTOS_SP_COs_D2_Kernel.a(L1_hub_data_event.c.obj)
 .debug_info    0x0000000000006b99       0x8c /mnt/Projects/s-net_distribution/targets/posix32/lib/libOpenComRTOS_SP_COs_D2_Kernel.a(L1_kernel_data.c.obj)
 .debug_info    0x0000000000006c25      0x6f3 /mnt/Projects/s-net_distribution/targets/posix32/lib/libOpenComRTOS_SP_COs_D2_Kernel.a(L1_kernel_make_task_ready.c.obj)
 .debug_info    0x0000000000007318      0x8c6 /mnt/Projects/s-net_distribution/targets/posix32/lib/libOpenComRTOS_SP_COs_D2_Kernel.a(L1_kernel_scheduler.c.obj)
 .debug_info    0x0000000000007bde      0x6e6 /mnt/Projects/s-net_distribution/targets/posix32/lib/libOpenComRTOS_SP_COs_D2_Kernel.a(L1_kernel_start_task_service.c.obj)
 .debug_info    0x00000000000082c4      0x7a2 /mnt/Projects/s-net_distribution/targets/posix32/lib/libOpenComRTOS_SP_COs_D2_Kernel.a(L1_kernel_stop_task_service.c.obj)
 .debug_info    0x0000000000008a66      0x6e6 /mnt/Projects/s-net_distribution/targets/posix32/lib/libOpenComRTOS_SP_COs_D2_Kernel.a(L1_kernel_suspend_task_service.c.obj)
 .debug_info    0x000000000000914c      0x6e6 /mnt/Projects/s-net_distribution/targets/posix32/lib/libOpenComRTOS_SP_COs_D2_Kernel.a(L1_kernel_resume_task_service.c.obj)
 .debug_info    0x0000000000009832      0x835 /mnt/Projects/s-net_distribution/targets/posix32/lib/libOpenComRTOS_SP_COs_D2_Kernel.a(L1_kernel_anypacket_service.c.obj)
 .debug_info    0x000000000000a067      0x5ce /mnt/Projects/s-net_distribution/targets/posix32/lib/libOpenComRTOS_SP_COs_D2_Kernel.a(L1_kernel_timerpacket_service.c.obj)
 .debug_info    0x000000000000a635      0x32e /mnt/Projects/s-net_distribution/targets/posix32/lib/libOpenComRTOS_SP_COs_D2_Kernel.a(L1_timerlist_api.c.obj)
 .debug_info    0x000000000000a963     0x1283 /mnt/Projects/s-net_distribution/targets/posix32/lib/libOpenComRTOS_SP_COs_D2_PlatformKernel.a(L1_hal.c.obj)
 .debug_info    0x000000000000bbe6      0x22d /mnt/Projects/s-net_distribution/targets/posix32/lib/libOpenComRTOS_SP_COs_D2_PlatformKernel.a(L1_trace.c.obj)
 .debug_info    0x000000000000be13      0xdb6 /mnt/Projects/s-net_distribution/targets/posix32/lib/libOpenComRTOS_SP_COs_D2_PlatformDriver.a(wtimer.c.obj)
 .debug_info    0x000000000000cbc9      0xcf1 /mnt/Projects/s-net_distribution/targets/posix32/lib/libPthreadAbstractionLayer_SP_COs_D2.a(Pth_Thread.c.obj)
 .debug_info    0x000000000000d8ba      0x972 /mnt/Projects/s-net_distribution/targets/posix32/lib/libPthreadAbstractionLayer_SP_COs_D2.a(Pth_Mutex.c.obj)
 .debug_info    0x000000000000e22c      0x9b0 /mnt/Projects/s-net_distribution/targets/posix32/lib/libPthreadAbstractionLayer_SP_COs_D2.a(Pth_Cond.c.obj)
 .debug_info    0x000000000000ebdc      0x8e3 /mnt/Projects/s-net_distribution/targets/posix32/lib/libOpenComRTOS_SP_COs_D2_Kernel.a(L1_kernel_request_service.c.obj)
 .debug_info    0x000000000000f4bf      0x738 /mnt/Projects/s-net_distribution/targets/posix32/lib/libOpenComRTOS_SP_COs_D2_Kernel.a(L1_task_api.c.obj)
 .debug_info    0x000000000000fbf7      0x46a /mnt/Projects/s-net_distribution/targets/posix32/lib/libOpenComRTOS_SP_COs_D2_Kernel.a(L1_hub_data_api.c.obj)

.debug_abbrev   0x0000000000000000     0x3976
 *(.debug_abbrev)
 .debug_abbrev  0x0000000000000000      0x191 CMakeFiles/posixnode.dir/L1_node_config.c.obj
 .debug_abbrev  0x0000000000000191      0x1af CMakeFiles/posixnode.dir/mnt/Projects/s-net_distribution/projects/s_net_test/Source/posixnode/posixnode.c.obj
 .debug_abbrev  0x0000000000000340      0x1c5 CMakeFiles/posixnode.dir/mnt/Projects/s-net_distribution/projects/s_net_test/Source/pthr_streams.c.obj
 .debug_abbrev  0x0000000000000505      0x354 CMakeFiles/posixnode.dir/mnt/Projects/s-net_distribution/projects/s_net_test/Source/MainEP.c.obj
 .debug_abbrev  0x0000000000000859      0x1bd /mnt/Projects/s-net_distribution/targets/posix32/lib/libOpenComRTOS_SP_COs_D2_Kernel.a(L1_kernel_start.c.obj)
 .debug_abbrev  0x0000000000000a16      0x1b0 /mnt/Projects/s-net_distribution/targets/posix32/lib/libOpenComRTOS_SP_COs_D2_Kernel.a(L1_keylist_api.c.obj)
 .debug_abbrev  0x0000000000000bc6      0x216 /mnt/Projects/s-net_distribution/targets/posix32/lib/libOpenComRTOS_SP_COs_D2_Kernel.a(L1_kernel_loop.c.obj)
 .debug_abbrev  0x0000000000000ddc       0xe0 /mnt/Projects/s-net_distribution/targets/posix32/lib/libOpenComRTOS_SP_COs_D2_Kernel.a(L1_list_api.c.obj)
 .debug_abbrev  0x0000000000000ebc      0x2f4 /mnt/Projects/s-net_distribution/targets/posix32/lib/libOpenComRTOS_SP_COs_D2_Kernel.a(L1_kernel_hub_service.c.obj)
 .debug_abbrev  0x00000000000011b0      0x178 /mnt/Projects/s-net_distribution/targets/posix32/lib/libOpenComRTOS_SP_COs_D2_Kernel.a(L1_kernel_semaphore_service.c.obj)
 .debug_abbrev  0x0000000000001328      0x156 /mnt/Projects/s-net_distribution/targets/posix32/lib/libOpenComRTOS_SP_COs_D2_Kernel.a(L1_kernel_resource_service.c.obj)
 .debug_abbrev  0x000000000000147e      0x224 /mnt/Projects/s-net_distribution/targets/posix32/lib/libOpenComRTOS_SP_COs_D2_Kernel.a(L1_trace.c.obj)
 .debug_abbrev  0x00000000000016a2       0x4d /mnt/Projects/s-net_distribution/targets/posix32/lib/libOpenComRTOS_SP_COs_D2_Kernel.a(L1_types.c.obj)
 .debug_abbrev  0x00000000000016ef      0x17e /mnt/Projects/s-net_distribution/targets/posix32/lib/libOpenComRTOS_SP_COs_D2_Kernel.a(L1_hub_data_event.c.obj)
 .debug_abbrev  0x000000000000186d       0x46 /mnt/Projects/s-net_distribution/targets/posix32/lib/libOpenComRTOS_SP_COs_D2_Kernel.a(L1_kernel_data.c.obj)
 .debug_abbrev  0x00000000000018b3      0x160 /mnt/Projects/s-net_distribution/targets/posix32/lib/libOpenComRTOS_SP_COs_D2_Kernel.a(L1_kernel_make_task_ready.c.obj)
 .debug_abbrev  0x0000000000001a13      0x203 /mnt/Projects/s-net_distribution/targets/posix32/lib/libOpenComRTOS_SP_COs_D2_Kernel.a(L1_kernel_scheduler.c.obj)
 .debug_abbrev  0x0000000000001c16      0x174 /mnt/Projects/s-net_distribution/targets/posix32/lib/libOpenComRTOS_SP_COs_D2_Kernel.a(L1_kernel_start_task_service.c.obj)
 .debug_abbrev  0x0000000000001d8a      0x1d3 /mnt/Projects/s-net_distribution/targets/posix32/lib/libOpenComRTOS_SP_COs_D2_Kernel.a(L1_kernel_stop_task_service.c.obj)
 .debug_abbrev  0x0000000000001f5d      0x174 /mnt/Projects/s-net_distribution/targets/posix32/lib/libOpenComRTOS_SP_COs_D2_Kernel.a(L1_kernel_suspend_task_service.c.obj)
 .debug_abbrev  0x00000000000020d1      0x174 /mnt/Projects/s-net_distribution/targets/posix32/lib/libOpenComRTOS_SP_COs_D2_Kernel.a(L1_kernel_resume_task_service.c.obj)
 .debug_abbrev  0x0000000000002245      0x203 /mnt/Projects/s-net_distribution/targets/posix32/lib/libOpenComRTOS_SP_COs_D2_Kernel.a(L1_kernel_anypacket_service.c.obj)
 .debug_abbrev  0x0000000000002448      0x1fe /mnt/Projects/s-net_distribution/targets/posix32/lib/libOpenComRTOS_SP_COs_D2_Kernel.a(L1_kernel_timerpacket_service.c.obj)
 .debug_abbrev  0x0000000000002646      0x13c /mnt/Projects/s-net_distribution/targets/posix32/lib/libOpenComRTOS_SP_COs_D2_Kernel.a(L1_timerlist_api.c.obj)
 .debug_abbrev  0x0000000000002782      0x39e /mnt/Projects/s-net_distribution/targets/posix32/lib/libOpenComRTOS_SP_COs_D2_PlatformKernel.a(L1_hal.c.obj)
 .debug_abbrev  0x0000000000002b20      0x113 /mnt/Projects/s-net_distribution/targets/posix32/lib/libOpenComRTOS_SP_COs_D2_PlatformKernel.a(L1_trace.c.obj)
 .debug_abbrev  0x0000000000002c33      0x2ad /mnt/Projects/s-net_distribution/targets/posix32/lib/libOpenComRTOS_SP_COs_D2_PlatformDriver.a(wtimer.c.obj)
 .debug_abbrev  0x0000000000002ee0      0x214 /mnt/Projects/s-net_distribution/targets/posix32/lib/libPthreadAbstractionLayer_SP_COs_D2.a(Pth_Thread.c.obj)
 .debug_abbrev  0x00000000000030f4      0x1c5 /mnt/Projects/s-net_distribution/targets/posix32/lib/libPthreadAbstractionLayer_SP_COs_D2.a(Pth_Mutex.c.obj)
 .debug_abbrev  0x00000000000032b9      0x1dd /mnt/Projects/s-net_distribution/targets/posix32/lib/libPthreadAbstractionLayer_SP_COs_D2.a(Pth_Cond.c.obj)
 .debug_abbrev  0x0000000000003496      0x22d /mnt/Projects/s-net_distribution/targets/posix32/lib/libOpenComRTOS_SP_COs_D2_Kernel.a(L1_kernel_request_service.c.obj)
 .debug_abbrev  0x00000000000036c3      0x198 /mnt/Projects/s-net_distribution/targets/posix32/lib/libOpenComRTOS_SP_COs_D2_Kernel.a(L1_task_api.c.obj)
 .debug_abbrev  0x000000000000385b      0x11b /mnt/Projects/s-net_distribution/targets/posix32/lib/libOpenComRTOS_SP_COs_D2_Kernel.a(L1_hub_data_api.c.obj)

.debug_line     0x0000000000000000     0x529d
 *(.debug_line .debug_line.* .debug_line_end)
 .debug_line    0x0000000000000000      0x306 CMakeFiles/posixnode.dir/L1_node_config.c.obj
 .debug_line    0x0000000000000306      0x218 CMakeFiles/posixnode.dir/mnt/Projects/s-net_distribution/projects/s_net_test/Source/posixnode/posixnode.c.obj
 .debug_line    0x000000000000051e      0x248 CMakeFiles/posixnode.dir/mnt/Projects/s-net_distribution/projects/s_net_test/Source/pthr_streams.c.obj
 .debug_line    0x0000000000000766      0x38b CMakeFiles/posixnode.dir/mnt/Projects/s-net_distribution/projects/s_net_test/Source/MainEP.c.obj
 .debug_line    0x0000000000000af1      0x2b9 /mnt/Projects/s-net_distribution/targets/posix32/lib/libOpenComRTOS_SP_COs_D2_Kernel.a(L1_kernel_start.c.obj)
 .debug_line    0x0000000000000daa      0x1f5 /mnt/Projects/s-net_distribution/targets/posix32/lib/libOpenComRTOS_SP_COs_D2_Kernel.a(L1_keylist_api.c.obj)
 .debug_line    0x0000000000000f9f      0x2b4 /mnt/Projects/s-net_distribution/targets/posix32/lib/libOpenComRTOS_SP_COs_D2_Kernel.a(L1_kernel_loop.c.obj)
 .debug_line    0x0000000000001253      0x18b /mnt/Projects/s-net_distribution/targets/posix32/lib/libOpenComRTOS_SP_COs_D2_Kernel.a(L1_list_api.c.obj)
 .debug_line    0x00000000000013de      0x408 /mnt/Projects/s-net_distribution/targets/posix32/lib/libOpenComRTOS_SP_COs_D2_Kernel.a(L1_kernel_hub_service.c.obj)
 .debug_line    0x00000000000017e6      0x1f3 /mnt/Projects/s-net_distribution/targets/posix32/lib/libOpenComRTOS_SP_COs_D2_Kernel.a(L1_kernel_semaphore_service.c.obj)
 .debug_line    0x00000000000019d9      0x200 /mnt/Projects/s-net_distribution/targets/posix32/lib/libOpenComRTOS_SP_COs_D2_Kernel.a(L1_kernel_resource_service.c.obj)
 .debug_line    0x0000000000001bd9      0x261 /mnt/Projects/s-net_distribution/targets/posix32/lib/libOpenComRTOS_SP_COs_D2_Kernel.a(L1_trace.c.obj)
 .debug_line    0x0000000000001e3a       0xb4 /mnt/Projects/s-net_distribution/targets/posix32/lib/libOpenComRTOS_SP_COs_D2_Kernel.a(L1_types.c.obj)
 .debug_line    0x0000000000001eee      0x274 /mnt/Projects/s-net_distribution/targets/posix32/lib/libOpenComRTOS_SP_COs_D2_Kernel.a(L1_hub_data_event.c.obj)
 .debug_line    0x0000000000002162       0xba /mnt/Projects/s-net_distribution/targets/posix32/lib/libOpenComRTOS_SP_COs_D2_Kernel.a(L1_kernel_data.c.obj)
 .debug_line    0x000000000000221c      0x227 /mnt/Projects/s-net_distribution/targets/posix32/lib/libOpenComRTOS_SP_COs_D2_Kernel.a(L1_kernel_make_task_ready.c.obj)
 .debug_line    0x0000000000002443      0x263 /mnt/Projects/s-net_distribution/targets/posix32/lib/libOpenComRTOS_SP_COs_D2_Kernel.a(L1_kernel_scheduler.c.obj)
 .debug_line    0x00000000000026a6      0x22a /mnt/Projects/s-net_distribution/targets/posix32/lib/libOpenComRTOS_SP_COs_D2_Kernel.a(L1_kernel_start_task_service.c.obj)
 .debug_line    0x00000000000028d0      0x25b /mnt/Projects/s-net_distribution/targets/posix32/lib/libOpenComRTOS_SP_COs_D2_Kernel.a(L1_kernel_stop_task_service.c.obj)
 .debug_line    0x0000000000002b2b      0x228 /mnt/Projects/s-net_distribution/targets/posix32/lib/libOpenComRTOS_SP_COs_D2_Kernel.a(L1_kernel_suspend_task_service.c.obj)
 .debug_line    0x0000000000002d53      0x227 /mnt/Projects/s-net_distribution/targets/posix32/lib/libOpenComRTOS_SP_COs_D2_Kernel.a(L1_kernel_resume_task_service.c.obj)
 .debug_line    0x0000000000002f7a      0x258 /mnt/Projects/s-net_distribution/targets/posix32/lib/libOpenComRTOS_SP_COs_D2_Kernel.a(L1_kernel_anypacket_service.c.obj)
 .debug_line    0x00000000000031d2      0x24d /mnt/Projects/s-net_distribution/targets/posix32/lib/libOpenComRTOS_SP_COs_D2_Kernel.a(L1_kernel_timerpacket_service.c.obj)
 .debug_line    0x000000000000341f      0x1b6 /mnt/Projects/s-net_distribution/targets/posix32/lib/libOpenComRTOS_SP_COs_D2_Kernel.a(L1_timerlist_api.c.obj)
 .debug_line    0x00000000000035d5      0x5ea /mnt/Projects/s-net_distribution/targets/posix32/lib/libOpenComRTOS_SP_COs_D2_PlatformKernel.a(L1_hal.c.obj)
 .debug_line    0x0000000000003bbf      0x186 /mnt/Projects/s-net_distribution/targets/posix32/lib/libOpenComRTOS_SP_COs_D2_PlatformKernel.a(L1_trace.c.obj)
 .debug_line    0x0000000000003d45      0x363 /mnt/Projects/s-net_distribution/targets/posix32/lib/libOpenComRTOS_SP_COs_D2_PlatformDriver.a(wtimer.c.obj)
 .debug_line    0x00000000000040a8      0x450 /mnt/Projects/s-net_distribution/targets/posix32/lib/libPthreadAbstractionLayer_SP_COs_D2.a(Pth_Thread.c.obj)
 .debug_line    0x00000000000044f8      0x39b /mnt/Projects/s-net_distribution/targets/posix32/lib/libPthreadAbstractionLayer_SP_COs_D2.a(Pth_Mutex.c.obj)
 .debug_line    0x0000000000004893      0x3a8 /mnt/Projects/s-net_distribution/targets/posix32/lib/libPthreadAbstractionLayer_SP_COs_D2.a(Pth_Cond.c.obj)
 .debug_line    0x0000000000004c3b      0x291 /mnt/Projects/s-net_distribution/targets/posix32/lib/libOpenComRTOS_SP_COs_D2_Kernel.a(L1_kernel_request_service.c.obj)
 .debug_line    0x0000000000004ecc      0x227 /mnt/Projects/s-net_distribution/targets/posix32/lib/libOpenComRTOS_SP_COs_D2_Kernel.a(L1_task_api.c.obj)
 .debug_line    0x00000000000050f3      0x1aa /mnt/Projects/s-net_distribution/targets/posix32/lib/libOpenComRTOS_SP_COs_D2_Kernel.a(L1_hub_data_api.c.obj)

.debug_frame
 *(.debug_frame)

.debug_str      0x0000000000000000     0x30b1
 *(.debug_str)
 .debug_str     0x0000000000000000      0xc90 CMakeFiles/posixnode.dir/L1_node_config.c.obj
                                        0xdd9 (size before relaxing)
 .debug_str     0x0000000000000c90       0x75 CMakeFiles/posixnode.dir/mnt/Projects/s-net_distribution/projects/s_net_test/Source/posixnode/posixnode.c.obj
                                        0x741 (size before relaxing)
 .debug_str     0x0000000000000d05      0x245 CMakeFiles/posixnode.dir/mnt/Projects/s-net_distribution/projects/s_net_test/Source/pthr_streams.c.obj
                                        0x368 (size before relaxing)
 .debug_str     0x0000000000000f4a      0x1ec CMakeFiles/posixnode.dir/mnt/Projects/s-net_distribution/projects/s_net_test/Source/MainEP.c.obj
                                        0x89f (size before relaxing)
 .debug_str     0x0000000000001136      0x11e /mnt/Projects/s-net_distribution/targets/posix32/lib/libOpenComRTOS_SP_COs_D2_Kernel.a(L1_kernel_start.c.obj)
                                        0x82e (size before relaxing)
 .debug_str     0x0000000000001254      0x17b /mnt/Projects/s-net_distribution/targets/posix32/lib/libOpenComRTOS_SP_COs_D2_Kernel.a(L1_keylist_api.c.obj)
                                        0x331 (size before relaxing)
 .debug_str     0x00000000000013cf      0x159 /mnt/Projects/s-net_distribution/targets/posix32/lib/libOpenComRTOS_SP_COs_D2_Kernel.a(L1_kernel_loop.c.obj)
                                        0x8e8 (size before relaxing)
 .debug_str     0x0000000000001528       0xad /mnt/Projects/s-net_distribution/targets/posix32/lib/libOpenComRTOS_SP_COs_D2_Kernel.a(L1_list_api.c.obj)
                                        0x20b (size before relaxing)
 .debug_str     0x00000000000015d5      0x237 /mnt/Projects/s-net_distribution/targets/posix32/lib/libOpenComRTOS_SP_COs_D2_Kernel.a(L1_kernel_hub_service.c.obj)
                                        0xc5a (size before relaxing)
 .debug_str     0x000000000000180c       0x9a /mnt/Projects/s-net_distribution/targets/posix32/lib/libOpenComRTOS_SP_COs_D2_Kernel.a(L1_kernel_semaphore_service.c.obj)
                                        0x552 (size before relaxing)
 .debug_str     0x00000000000018a6       0x8b /mnt/Projects/s-net_distribution/targets/posix32/lib/libOpenComRTOS_SP_COs_D2_Kernel.a(L1_kernel_resource_service.c.obj)
                                        0x576 (size before relaxing)
 .debug_str     0x0000000000001931      0x126 /mnt/Projects/s-net_distribution/targets/posix32/lib/libOpenComRTOS_SP_COs_D2_Kernel.a(L1_trace.c.obj)
                                        0x7ba (size before relaxing)
 .debug_str     0x0000000000001a57       0xd4 /mnt/Projects/s-net_distribution/targets/posix32/lib/libOpenComRTOS_SP_COs_D2_Kernel.a(L1_types.c.obj)
                                        0x19c (size before relaxing)
 .debug_str     0x0000000000001b2b       0x8d /mnt/Projects/s-net_distribution/targets/posix32/lib/libOpenComRTOS_SP_COs_D2_Kernel.a(L1_hub_data_event.c.obj)
                                        0x59e (size before relaxing)
 .debug_str     0x0000000000001bb8       0x43 /mnt/Projects/s-net_distribution/targets/posix32/lib/libOpenComRTOS_SP_COs_D2_Kernel.a(L1_kernel_data.c.obj)
                                         0xf0 (size before relaxing)
 .debug_str     0x0000000000001bfb       0x75 /mnt/Projects/s-net_distribution/targets/posix32/lib/libOpenComRTOS_SP_COs_D2_Kernel.a(L1_kernel_make_task_ready.c.obj)
                                        0x640 (size before relaxing)
 .debug_str     0x0000000000001c70       0x8c /mnt/Projects/s-net_distribution/targets/posix32/lib/libOpenComRTOS_SP_COs_D2_Kernel.a(L1_kernel_scheduler.c.obj)
                                        0x775 (size before relaxing)
 .debug_str     0x0000000000001cfc       0x7d /mnt/Projects/s-net_distribution/targets/posix32/lib/libOpenComRTOS_SP_COs_D2_Kernel.a(L1_kernel_start_task_service.c.obj)
                                        0x63c (size before relaxing)
 .debug_str     0x0000000000001d79       0xab /mnt/Projects/s-net_distribution/targets/posix32/lib/libOpenComRTOS_SP_COs_D2_Kernel.a(L1_kernel_stop_task_service.c.obj)
                                        0x69e (size before relaxing)
 .debug_str     0x0000000000001e24       0x85 /mnt/Projects/s-net_distribution/targets/posix32/lib/libOpenComRTOS_SP_COs_D2_Kernel.a(L1_kernel_suspend_task_service.c.obj)
                                        0x644 (size before relaxing)
 .debug_str     0x0000000000001ea9       0x81 /mnt/Projects/s-net_distribution/targets/posix32/lib/libOpenComRTOS_SP_COs_D2_Kernel.a(L1_kernel_resume_task_service.c.obj)
                                        0x640 (size before relaxing)
 .debug_str     0x0000000000001f2a       0xb3 /mnt/Projects/s-net_distribution/targets/posix32/lib/libOpenComRTOS_SP_COs_D2_Kernel.a(L1_kernel_anypacket_service.c.obj)
                                        0x76d (size before relaxing)
 .debug_str     0x0000000000001fdd      0x110 /mnt/Projects/s-net_distribution/targets/posix32/lib/libOpenComRTOS_SP_COs_D2_Kernel.a(L1_kernel_timerpacket_service.c.obj)
                                        0x47d (size before relaxing)
 .debug_str     0x00000000000020ed      0x14a /mnt/Projects/s-net_distribution/targets/posix32/lib/libOpenComRTOS_SP_COs_D2_Kernel.a(L1_timerlist_api.c.obj)
                                        0x2c3 (size before relaxing)
 .debug_str     0x0000000000002237      0x680 /mnt/Projects/s-net_distribution/targets/posix32/lib/libOpenComRTOS_SP_COs_D2_PlatformKernel.a(L1_hal.c.obj)
                                        0xe46 (size before relaxing)
 .debug_str     0x00000000000028b7      0x110 /mnt/Projects/s-net_distribution/targets/posix32/lib/libOpenComRTOS_SP_COs_D2_PlatformKernel.a(L1_trace.c.obj)
                                        0x28d (size before relaxing)
 .debug_str     0x00000000000029c7      0x306 /mnt/Projects/s-net_distribution/targets/posix32/lib/libOpenComRTOS_SP_COs_D2_PlatformDriver.a(wtimer.c.obj)
                                        0xb61 (size before relaxing)
 .debug_str     0x0000000000002ccd      0x120 /mnt/Projects/s-net_distribution/targets/posix32/lib/libPthreadAbstractionLayer_SP_COs_D2.a(Pth_Thread.c.obj)
                                        0xa36 (size before relaxing)
 .debug_str     0x0000000000002ded       0x71 /mnt/Projects/s-net_distribution/targets/posix32/lib/libPthreadAbstractionLayer_SP_COs_D2.a(Pth_Mutex.c.obj)
                                        0x88b (size before relaxing)
 .debug_str     0x0000000000002e5e       0x78 /mnt/Projects/s-net_distribution/targets/posix32/lib/libPthreadAbstractionLayer_SP_COs_D2.a(Pth_Cond.c.obj)
                                        0x8ad (size before relaxing)
 .debug_str     0x0000000000002ed6       0x8c /mnt/Projects/s-net_distribution/targets/posix32/lib/libOpenComRTOS_SP_COs_D2_Kernel.a(L1_kernel_request_service.c.obj)
                                        0x77d (size before relaxing)
 .debug_str     0x0000000000002f62       0x59 /mnt/Projects/s-net_distribution/targets/posix32/lib/libOpenComRTOS_SP_COs_D2_Kernel.a(L1_task_api.c.obj)
                                        0x6dc (size before relaxing)
 .debug_str     0x0000000000002fbb       0xf6 /mnt/Projects/s-net_distribution/targets/posix32/lib/libOpenComRTOS_SP_COs_D2_Kernel.a(L1_hub_data_api.c.obj)
                                        0x441 (size before relaxing)

.debug_loc      0x0000000000000000     0x2f4f
 *(.debug_loc)
 .debug_loc     0x0000000000000000       0x97 CMakeFiles/posixnode.dir/mnt/Projects/s-net_distribution/projects/s_net_test/Source/pthr_streams.c.obj
 .debug_loc     0x0000000000000097      0x1b0 CMakeFiles/posixnode.dir/mnt/Projects/s-net_distribution/projects/s_net_test/Source/MainEP.c.obj
 .debug_loc     0x0000000000000247       0xad /mnt/Projects/s-net_distribution/targets/posix32/lib/libOpenComRTOS_SP_COs_D2_Kernel.a(L1_kernel_start.c.obj)
 .debug_loc     0x00000000000002f4      0x22d /mnt/Projects/s-net_distribution/targets/posix32/lib/libOpenComRTOS_SP_COs_D2_Kernel.a(L1_keylist_api.c.obj)
 .debug_loc     0x0000000000000521      0x1ea /mnt/Projects/s-net_distribution/targets/posix32/lib/libOpenComRTOS_SP_COs_D2_Kernel.a(L1_kernel_loop.c.obj)
 .debug_loc     0x000000000000070b      0x148 /mnt/Projects/s-net_distribution/targets/posix32/lib/libOpenComRTOS_SP_COs_D2_Kernel.a(L1_list_api.c.obj)
 .debug_loc     0x0000000000000853      0x463 /mnt/Projects/s-net_distribution/targets/posix32/lib/libOpenComRTOS_SP_COs_D2_Kernel.a(L1_kernel_hub_service.c.obj)
 .debug_loc     0x0000000000000cb6       0x70 /mnt/Projects/s-net_distribution/targets/posix32/lib/libOpenComRTOS_SP_COs_D2_Kernel.a(L1_kernel_semaphore_service.c.obj)
 .debug_loc     0x0000000000000d26       0x70 /mnt/Projects/s-net_distribution/targets/posix32/lib/libOpenComRTOS_SP_COs_D2_Kernel.a(L1_kernel_resource_service.c.obj)
 .debug_loc     0x0000000000000d96      0x21b /mnt/Projects/s-net_distribution/targets/posix32/lib/libOpenComRTOS_SP_COs_D2_Kernel.a(L1_trace.c.obj)
 .debug_loc     0x0000000000000fb1       0xc0 /mnt/Projects/s-net_distribution/targets/posix32/lib/libOpenComRTOS_SP_COs_D2_Kernel.a(L1_hub_data_event.c.obj)
 .debug_loc     0x0000000000001071       0x88 /mnt/Projects/s-net_distribution/targets/posix32/lib/libOpenComRTOS_SP_COs_D2_Kernel.a(L1_kernel_make_task_ready.c.obj)
 .debug_loc     0x00000000000010f9      0x150 /mnt/Projects/s-net_distribution/targets/posix32/lib/libOpenComRTOS_SP_COs_D2_Kernel.a(L1_kernel_scheduler.c.obj)
 .debug_loc     0x0000000000001249       0x71 /mnt/Projects/s-net_distribution/targets/posix32/lib/libOpenComRTOS_SP_COs_D2_Kernel.a(L1_kernel_start_task_service.c.obj)
 .debug_loc     0x00000000000012ba       0xba /mnt/Projects/s-net_distribution/targets/posix32/lib/libOpenComRTOS_SP_COs_D2_Kernel.a(L1_kernel_stop_task_service.c.obj)
 .debug_loc     0x0000000000001374       0x62 /mnt/Projects/s-net_distribution/targets/posix32/lib/libOpenComRTOS_SP_COs_D2_Kernel.a(L1_kernel_suspend_task_service.c.obj)
 .debug_loc     0x00000000000013d6       0x62 /mnt/Projects/s-net_distribution/targets/posix32/lib/libOpenComRTOS_SP_COs_D2_Kernel.a(L1_kernel_resume_task_service.c.obj)
 .debug_loc     0x0000000000001438      0x13a /mnt/Projects/s-net_distribution/targets/posix32/lib/libOpenComRTOS_SP_COs_D2_Kernel.a(L1_kernel_anypacket_service.c.obj)
 .debug_loc     0x0000000000001572      0x2e9 /mnt/Projects/s-net_distribution/targets/posix32/lib/libOpenComRTOS_SP_COs_D2_Kernel.a(L1_kernel_timerpacket_service.c.obj)
 .debug_loc     0x000000000000185b      0x283 /mnt/Projects/s-net_distribution/targets/posix32/lib/libOpenComRTOS_SP_COs_D2_Kernel.a(L1_timerlist_api.c.obj)
 .debug_loc     0x0000000000001ade      0x858 /mnt/Projects/s-net_distribution/targets/posix32/lib/libOpenComRTOS_SP_COs_D2_PlatformKernel.a(L1_hal.c.obj)
 .debug_loc     0x0000000000002336      0x118 /mnt/Projects/s-net_distribution/targets/posix32/lib/libOpenComRTOS_SP_COs_D2_PlatformKernel.a(L1_trace.c.obj)
 .debug_loc     0x000000000000244e      0x2c3 /mnt/Projects/s-net_distribution/targets/posix32/lib/libOpenComRTOS_SP_COs_D2_PlatformDriver.a(wtimer.c.obj)
 .debug_loc     0x0000000000002711      0x319 /mnt/Projects/s-net_distribution/targets/posix32/lib/libPthreadAbstractionLayer_SP_COs_D2.a(Pth_Thread.c.obj)
 .debug_loc     0x0000000000002a2a      0x180 /mnt/Projects/s-net_distribution/targets/posix32/lib/libPthreadAbstractionLayer_SP_COs_D2.a(Pth_Mutex.c.obj)
 .debug_loc     0x0000000000002baa      0x1bf /mnt/Projects/s-net_distribution/targets/posix32/lib/libPthreadAbstractionLayer_SP_COs_D2.a(Pth_Cond.c.obj)
 .debug_loc     0x0000000000002d69       0xf0 /mnt/Projects/s-net_distribution/targets/posix32/lib/libOpenComRTOS_SP_COs_D2_Kernel.a(L1_kernel_request_service.c.obj)
 .debug_loc     0x0000000000002e59       0x4f /mnt/Projects/s-net_distribution/targets/posix32/lib/libOpenComRTOS_SP_COs_D2_Kernel.a(L1_task_api.c.obj)
 .debug_loc     0x0000000000002ea8       0xa7 /mnt/Projects/s-net_distribution/targets/posix32/lib/libOpenComRTOS_SP_COs_D2_Kernel.a(L1_hub_data_api.c.obj)

.debug_macinfo
 *(.debug_macinfo)

.debug_weaknames
 *(.debug_weaknames)

.debug_funcnames
 *(.debug_funcnames)

.debug_typenames
 *(.debug_typenames)

.debug_varnames
 *(.debug_varnames)

.debug_pubtypes
 *(.debug_pubtypes)

.debug_ranges   0x0000000000000000      0x308
 *(.debug_ranges)